Component: Arm Compiler for Embedded 6.19 Tool: armlink [5e73cb00]

==============================================================================

Section Cross References

    startup_stm32f103xb.o(STACK) refers (Special) to heapauxi.o(.text) for __use_two_region_memory
    startup_stm32f103xb.o(HEAP) refers (Special) to heapauxi.o(.text) for __use_two_region_memory
    startup_stm32f103xb.o(RESET) refers (Special) to heapauxi.o(.text) for __use_two_region_memory
    startup_stm32f103xb.o(RESET) refers to startup_stm32f103xb.o(STACK) for __initial_sp
    startup_stm32f103xb.o(RESET) refers to startup_stm32f103xb.o(.text) for Reset_Handler
    startup_stm32f103xb.o(RESET) refers to stm32f1xx_it.o(.text.NMI_Handler) for NMI_Handler
    startup_stm32f103xb.o(RESET) refers to stm32f1xx_it.o(.text.HardFault_Handler) for HardFault_Handler
    startup_stm32f103xb.o(RESET) refers to stm32f1xx_it.o(.text.MemManage_Handler) for MemManage_Handler
    startup_stm32f103xb.o(RESET) refers to stm32f1xx_it.o(.text.BusFault_Handler) for BusFault_Handler
    startup_stm32f103xb.o(RESET) refers to stm32f1xx_it.o(.text.UsageFault_Handler) for UsageFault_Handler
    startup_stm32f103xb.o(RESET) refers to stm32f1xx_it.o(.text.SVC_Handler) for SVC_Handler
    startup_stm32f103xb.o(RESET) refers to stm32f1xx_it.o(.text.DebugMon_Handler) for DebugMon_Handler
    startup_stm32f103xb.o(RESET) refers to stm32f1xx_it.o(.text.PendSV_Handler) for PendSV_Handler
    startup_stm32f103xb.o(RESET) refers to stm32f1xx_it.o(.text.SysTick_Handler) for SysTick_Handler
    startup_stm32f103xb.o(RESET) refers to stm32f1xx_it.o(.text.DMA1_Channel3_IRQHandler) for DMA1_Channel3_IRQHandler
    startup_stm32f103xb.o(RESET) refers to stm32f1xx_it.o(.text.SPI1_IRQHandler) for SPI1_IRQHandler
    startup_stm32f103xb.o(.text) refers (Special) to heapauxi.o(.text) for __use_two_region_memory
    startup_stm32f103xb.o(.text) refers to system_stm32f1xx.o(.text.SystemInit) for SystemInit
    startup_stm32f103xb.o(.text) refers to __main.o(!!!main) for __main
    startup_stm32f103xb.o(.text) refers to startup_stm32f103xb.o(HEAP) for Heap_Mem
    startup_stm32f103xb.o(.text) refers to startup_stm32f103xb.o(STACK) for Stack_Mem
    main.o(.text.__cxx_global_var_init) refers to tim.o(.bss.htim2) for htim2
    main.o(.text.__cxx_global_var_init) refers to main.o(.bss.g_dbg_LCD_1) for g_dbg_LCD_1
    main.o(.text.__cxx_global_var_init) refers to spi.o(.bss.hspi1) for hspi1
    main.o(.text.__cxx_global_var_init) refers to device_lcd_st7735.o(.text._ZN6Device3LCD10LCD_ST7735C2EP19__SPI_HandleTypeDefP12GPIO_TypeDeftS5_tS5_tP17TIM_HandleTypeDefjttb) for Device::LCD::LCD_ST7735::LCD_ST7735(__SPI_HandleTypeDef*, GPIO_TypeDef*, unsigned short, GPIO_TypeDef*, unsigned short, GPIO_TypeDef*, unsigned short, TIM_HandleTypeDef*, unsigned int, unsigned short, unsigned short, bool)
    main.o(.ARM.exidx.text.__cxx_global_var_init) refers to main.o(.text.__cxx_global_var_init) for [Anonymous Symbol]
    main.o(.text.main) refers to stm32f1xx_hal.o(.text.HAL_Init) for HAL_Init
    main.o(.text.main) refers to main.o(.text._Z18SystemClock_Configv) for SystemClock_Config()
    main.o(.text.main) refers to gpio.o(.text.MX_GPIO_Init) for MX_GPIO_Init
    main.o(.text.main) refers to dma.o(.text.MX_DMA_Init) for MX_DMA_Init
    main.o(.text.main) refers to spi.o(.text.MX_SPI1_Init) for MX_SPI1_Init
    main.o(.text.main) refers to tim.o(.text.MX_TIM2_Init) for MX_TIM2_Init
    main.o(.text.main) refers to stm32f1xx_hal.o(.text.HAL_Delay) for HAL_Delay
    main.o(.text.main) refers to main.o(.bss.g_dbg_LCD_1) for g_dbg_LCD_1
    main.o(.text.main) refers to device_lcd_st7735.o(.text._ZN6Device3LCD10LCD_ST77354initEv) for Device::LCD::LCD_ST7735::init()
    main.o(.text.main) refers to device_lcd_st7735.o(.text._ZN6Device3LCD10LCD_ST77356setDirENS0_8LCD_BaseIS1_E5dir_eE) for Device::LCD::LCD_ST7735::setDir(Device::LCD::LCD_Base<Device::LCD::LCD_ST7735>::dir_e)
    main.o(.text.main) refers to device_lcd_base.o(.text._ZN6Device3LCD9getRGB565ENS0_10stdColor_eE) for Device::LCD::getRGB565(Device::LCD::stdColor_e)
    main.o(.text.main) refers to main.o(.rodata.str1.1) for .L.str
    main.o(.text.main) refers to main.o(.text._ZNSt3__212basic_stringIcNS_11char_traitsIcEENS_9allocatorIcEEEC2B6v16000IDnEEPKc) for std::__2::basic_string<char, std::__2::char_traits<char>, std::__2::allocator<char>>::basic_string__sub_object[abi:v16000]<std::nullptr_t>(char const*)
    main.o(.text.main) refers to device_lcd_st7735.o(.text._ZN6Device3LCD10LCD_ST773519LCD_ShowString_6x12EttNSt3__212basic_stringIcNS2_11char_traitsIcEENS2_9allocatorIcEEEEttb) for Device::LCD::LCD_ST7735::LCD_ShowString_6x12(unsigned short, unsigned short, std::__2::basic_string<char, std::__2::char_traits<char>, std::__2::allocator<char>>, unsigned short, unsigned short, bool)
[...]
    i.__ARM_fpclassify                       0x0800582c   Section        0  fpclassify.o(i.__ARM_fpclassify)
    locale$$code                             0x08005854   Section       44  lc_numeric_c.o(locale$$code)
    x$fpl$printf1                            0x08005880   Section        4  printf1.o(x$fpl$printf1)
    tenpwrs_x                                0x08005884   Data          60  bigflt0.o(.constdata)
    .constdata                               0x08005884   Section      148  bigflt0.o(.constdata)
    x$fpl$usenofp                            0x08005884   Section        0  usenofp.o(x$fpl$usenofp)
    tenpwrs_i                                0x080058c0   Data          64  bigflt0.o(.constdata)
    HAL_RCC_GetSysClockFreq.aPLLMULFactorTable 0x08005928   Data          16  stm32f1xx_hal_rcc.o(.rodata.HAL_RCC_GetSysClockFreq.aPLLMULFactorTable)
    [Anonymous Symbol]                       0x08005928   Section        0  stm32f1xx_hal_rcc.o(.rodata.HAL_RCC_GetSysClockFreq.aPLLMULFactorTable)
    HAL_RCC_GetSysClockFreq.aPredivFactorTable 0x08005938   Data           2  stm32f1xx_hal_rcc.o(.rodata.HAL_RCC_GetSysClockFreq.aPredivFactorTable)
    [Anonymous Symbol]                       0x08005938   Section        0  stm32f1xx_hal_rcc.o(.rodata.HAL_RCC_GetSysClockFreq.aPredivFactorTable)
    ascii_1206                               0x0800593a   Data        1140  device_lcd_st7735.o(.rodata._ZL10ascii_1206)
    [Anonymous Symbol]                       0x0800593a   Section        0  device_lcd_st7735.o(.rodata._ZL10ascii_1206)
    .L.str                                   0x08005e28   Data          13  main.o(.rodata.str1.1)
    [Anonymous Symbol]                       0x08005e28   Section        0  main.o(.rodata.str1.1)
    locale$$data                             0x08005e58   Section       28  lc_numeric_c.o(locale$$data)
    __lcnum_c_name                           0x08005e5c   Data           2  lc_numeric_c.o(locale$$data)
    __lcnum_c_start                          0x08005e64   Data           0  lc_numeric_c.o(locale$$data)
    __lcnum_c_point                          0x08005e70   Data           0  lc_numeric_c.o(locale$$data)
    __lcnum_c_thousands                      0x08005e72   Data           0  lc_numeric_c.o(locale$$data)
    __lcnum_c_grouping                       0x08005e73   Data           0  lc_numeric_c.o(locale$$data)
    __lcnum_c_end                            0x08005e74   Data           0  lc_numeric_c.o(locale$$data)
    .init_array                              0x08005e78   Section        0  init_aeabi.o(.init_array)
    .bss                                     0x20000010   Section       96  libspace.o(.bss)
    Heap_Mem                                 0x20000190   Data         512  startup_stm32f103xb.o(HEAP)
    HEAP                                     0x20000190   Section      512  startup_stm32f103xb.o(HEAP)
    Stack_Mem                                0x20000390   Data        1024  startup_stm32f103xb.o(STACK)
    STACK                                    0x20000390   Section     1024  startup_stm32f103xb.o(STACK)
    __initial_sp                             0x20000790   Data           0  startup_stm32f103xb.o(STACK)

    Global Symbols

    Symbol Name                              Value     Ov Type        Size  Object(Section)

    BuildAttributes$$THM_ISAv4$P$D$K$B$S$PE$A:L22UL41UL21$X:L11$S22US41US21$IEEE1$IW$~IW$USESV6$~STKCKD$USESV7$~SHL$OTIME$ROPI$IEEEX$EBA8$UX$STANDARDLIB$REQ8$PRES8$EABIv2 0x00000000   Number         0  anon$$obj.o ABSOLUTE
    __fp_init_empty                          0x00000000   Number         0  fpinit_empty.o ABSOLUTE
    _printf_flags                            0x00000000   Number         0  printf_stubs.o ABSOLUTE
    _printf_return_value                     0x00000000   Number         0  printf_stubs.o ABSOLUTE
    _printf_sizespec                         0x00000000   Number         0  printf_stubs.o ABSOLUTE
    _printf_widthprec                        0x00000000   Number         0  printf_stubs.o ABSOLUTE
    __ARM_exceptions_init                     - Undefined Weak Reference
    __alloca_initialize                       - Undefined Weak Reference
    __arm_preinit_                            - Undefined Weak Reference
    __arm_relocate_pie_                       - Undefined Weak Reference
    __cxa_finalize                            - Undefined Weak Reference
    __sigvec_lookup                           - Undefined Weak Reference
    __user_heap_extent                        - Undefined Weak Reference
    _atexit_init                              - Undefined Weak Reference
    _call_atexit_fns                          - Undefined Weak Reference
    _clock_init                               - Undefined Weak Reference
    _fp_trap_init                             - Undefined Weak Reference
    _fp_trap_shutdown                         - Undefined Weak Reference
    _get_lc_collate                           - Undefined Weak Reference
    _get_lc_monetary                          - Undefined Weak Reference
    _get_lc_time                              - Undefined Weak Reference
    _getenv_init                              - Undefined Weak Reference
    _handle_redirection                       - Undefined Weak Reference
    _mutex_acquire                            - Undefined Weak Reference
    _mutex_free                               - Undefined Weak Reference
    _mutex_release                            - Undefined Weak Reference
    _printf_mbtowc                            - Undefined Weak Reference
    _printf_post_padding                      - Undefined Weak Reference
    _printf_pre_padding                       - Undefined Weak Reference
    _rand_init                                - Undefined Weak Reference
    _signal_finish                            - Undefined Weak Reference
    _signal_init                              - Undefined Weak Reference
    __Vectors_Size                           0x000000ec   Number         0  startup_stm32f103xb.o ABSOLUTE
    __Vectors                                0x08000000   Data           4  startup_stm32f103xb.o(RESET)
    __Vectors_End                            0x080000ec   Data           0  startup_stm32f103xb.o(RESET)
    __main                                   0x080000ed   Thumb Code     8  __main.o(!!!main)
    __scatterload                            0x080000f5   Thumb Code     0  __scatter.o(!!!scatter)
    __scatterload_rt2                        0x080000f5   Thumb Code    44  __scatter.o(!!!scatter)
    __scatterload_rt2_thumb_only             0x080000f5   Thumb Code     0  __scatter.o(!!!scatter)
    __scatterload_null                       0x08000103   Thumb Code     0  __scatter.o(!!!scatter)
    __scatterload_copy                       0x08000129   Thumb Code    26  __scatter_copy.o(!!handler_copy)
    __scatterload_zeroinit                   0x08000145   Thumb Code    28  __scatter_zi.o(!!handler_zi)
    _printf_f                                0x08000161   Thumb Code     0  _printf_f.o(.ARM.Collect$$_printf_percent$$00000003)
    _printf_percent                          0x08000161   Thumb Code     0  _printf_percent.o(.ARM.Collect$$_printf_percent$$00000000)
    _printf_s                                0x08000167   Thumb Code     0  _printf_s.o(.ARM.Collect$$_printf_percent$$00000014)
    _printf_percent_end                      0x0800016d   Thumb Code     0  _printf_percent_end.o(.ARM.Collect$$_printf_percent$$00000017)
    __rt_lib_init                            0x08000171   Thumb Code     0  libinit.o(.ARM.Collect$$libinit$$00000000)
    __rt_lib_init_fp_1                       0x08000173   Thumb Code     0  libinit2.o(.ARM.Collect$$libinit$$00000002)
    __rt_lib_init_heap_2                     0x08000173   Thumb Code     0  libinit2.o(.ARM.Collect$$libinit$$00000007)
    __rt_lib_init_preinit_1                  0x08000173   Thumb Code     0  libinit2.o(.ARM.Collect$$libinit$$00000006)
    __rt_lib_init_relocate_pie_1             0x08000173   Thumb Code     0  libinit2.o(.ARM.Collect$$libinit$$00000004)
    __rt_lib_init_heap_1                     0x0800017b   Thumb Code     0  libinit2.o(.ARM.Collect$$libinit$$0000000C)
    __rt_lib_init_lc_common                  0x0800017b   Thumb Code     0  libinit2.o(.ARM.Collect$$libinit$$00000011)
    __rt_lib_init_rand_1                     0x0800017b   Thumb Code     0  libinit2.o(.ARM.Collect$$libinit$$00000010)
    __rt_lib_init_user_alloc_1               0x0800017b   Thumb Code     0  libinit2.o(.ARM.Collect$$libinit$$0000000E)
    __rt_lib_init_lc_collate_1               0x08000181   Thumb Code     0  libinit2.o(.ARM.Collect$$libinit$$00000013)
    __rt_lib_init_lc_ctype_1                 0x08000181   Thumb Code     0  libinit2.o(.ARM.Collect$$libinit$$00000015)
    __rt_lib_init_lc_monetary_1              0x08000181   Thumb Code     0  libinit2.o(.ARM.Collect$$libinit$$00000017)
    __rt_lib_init_lc_numeric_2               0x08000181   Thumb Code     0  libinit2.o(.ARM.Collect$$libinit$$00000018)
    __rt_lib_init_alloca_1                   0x0800018b   Thumb Code     0  libinit2.o(.ARM.Collect$$libinit$$00000030)
    __rt_lib_init_argv_1                     0x0800018b   Thumb Code     0  libinit2.o(.ARM.Collect$$libinit$$0000002E)
    __rt_lib_init_atexit_1                   0x0800018b   Thumb Code     0  libinit2.o(.ARM.Collect$$libinit$$0000001D)
    __rt_lib_init_clock_1                    0x0800018b   Thumb Code     0  libinit2.o(.ARM.Collect$$libinit$$00000023)
    __rt_lib_init_cpp_2                      0x0800018b   Thumb Code     0  libinit2.o(.ARM.Collect$$libinit$$00000033)
    __rt_lib_init_exceptions_1               0x0800018b   Thumb Code     0  libinit2.o(.ARM.Collect$$libinit$$00000032)
    __rt_lib_init_fp_trap_1                  0x0800018b   Thumb Code     0  libinit2.o(.ARM.Collect$$libinit$$00000021)
    __rt_lib_init_getenv_1                   0x0800018b   Thumb Code     0  libinit2.o(.ARM.Collect$$libinit$$00000025)
    __rt_lib_init_lc_numeric_1               0x0800018b   Thumb Code     0  libinit2.o(.ARM.Collect$$libinit$$00000019)
    __rt_lib_init_lc_time_1                  0x0800018b   Thumb Code     0  libinit2.o(.ARM.Collect$$libinit$$0000001B)
    __rt_lib_init_signal_1                   0x0800018b   Thumb Code     0  libinit2.o(.ARM.Collect$$libinit$$0000001F)
    __rt_lib_init_stdio_1                    0x0800018b   Thumb Code     0  libinit2.o(.ARM.Collect$$libinit$$00000027)
    __rt_lib_init_cpp_1                      0x0800018f   Thumb Code     0  libinit2.o(.ARM.Collect$$libinit$$00000034)
    __rt_lib_init_return                     0x0800018f   Thumb Code     0  libinit2.o(.ARM.Collect$$libinit$$00000035)
    __rt_lib_shutdown                        0x08000191   Thumb Code     0  libshutdown.o(.ARM.Collect$$libshutdown$$00000000)
    __rt_lib_shutdown_cpp_1                  0x08000193   Thumb Code     0  libshutdown2.o(.ARM.Collect$$libshutdown$$00000002)
    __rt_lib_shutdown_fp_trap_1              0x08000193   Thumb Code     0  libshutdown2.o(.ARM.Collect$$libshutdown$$00000007)
    __rt_lib_shutdown_heap_1                 0x08000193   Thumb Code     0  libshutdown2.o(.ARM.Collect$$libshutdown$$0000000F)
    __rt_lib_shutdown_return                 0x08000193   Thumb Code     0  libshutdown2.o(.ARM.Collect$$libshutdown$$00000010)
    __rt_lib_shutdown_signal_1               0x08000193   Thumb Code     0  libshutdown2.o(.ARM.Collect$$libshutdown$$0000000A)
    __rt_lib_shutdown_stdio_1                0x08000193   Thumb Code     0  libshutdown2.o(.ARM.Collect$$libshutdown$$00000004)
    __rt_lib_shutdown_user_alloc_1           0x08000193   Thumb Code     0  libshutdown2.o(.ARM.Collect$$libshutdown$$0000000C)
    __rt_entry                               0x08000195   Thumb Code     0  __rtentry.o(.ARM.Collect$$rtentry$$00000000)
    __rt_entry_presh_1                       0x08000195   Thumb Code     0  __rtentry2.o(.ARM.Collect$$rtentry$$00000002)
    __rt_entry_sh                            0x08000195   Thumb Code     0  __rtentry4.o(.ARM.Collect$$rtentry$$00000004)
    __rt_entry_li                            0x0800019b   Thumb Code     0  __rtentry2.o(.ARM.Collect$$rtentry$$0000000A)
    __rt_entry_postsh_1                      0x0800019b   Thumb Code     0  __rtentry2.o(.ARM.Collect$$rtentry$$00000009)
    __rt_entry_main                          0x0800019f   Thumb Code     0  __rtentry2.o(.ARM.Collect$$rtentry$$0000000D)
    __rt_entry_postli_1                      0x0800019f   Thumb Code     0  __rtentry2.o(.ARM.Collect$$rtentry$$0000000C)
    __rt_exit                                0x080001a7   Thumb Code     0  rtexit.o(.ARM.Collect$$rtexit$$00000000)
    __rt_exit_ls                             0x080001a9   Thumb Code     0  rtexit2.o(.ARM.Collect$$rtexit$$00000003)
    __rt_exit_prels_1                        0x080001a9   Thumb Code     0  rtexit2.o(.ARM.Collect$$rtexit$$00000002)
    __rt_exit_exit                           0x080001ad   Thumb Code     0  rtexit2.o(.ARM.Collect$$rtexit$$00000004)
    Reset_Handler                            0x080001b5   Thumb Code     8  startup_stm32f103xb.o(.text)
    ADC1_2_IRQHandler                        0x080001cf   Thumb Code     0  startup_stm32f103xb.o(.text)
    CAN1_RX1_IRQHandler                      0x080001cf   Thumb Code     0  startup_stm32f103xb.o(.text)
    CAN1_SCE_IRQHandler                      0x080001cf   Thumb Code     0  startup_stm32f103xb.o(.text)
    DMA1_Channel1_IRQHandler                 0x080001cf   Thumb Code     0  startup_stm32f103xb.o(.text)
    DMA1_Channel2_IRQHandler                 0x080001cf   Thumb Code     0  startup_stm32f103xb.o(.text)
    DMA1_Channel4_IRQHandler                 0x080001cf   Thumb Code     0  startup_stm32f103xb.o(.text)
    DMA1_Channel5_IRQHandler                 0x080001cf   Thumb Code     0  startup_stm32f103xb.o(.text)
    DMA1_Channel6_IRQHandler                 0x080001cf   Thumb Code     0  startup_stm32f103xb.o(.text)
    DMA1_Channel7_IRQHandler                 0x080001cf   Thumb Code     0  startup_stm32f103xb.o(.text)
    EXTI0_IRQHandler                         0x080001cf   Thumb Code     0  startup_stm32f103xb.o(.text)
    EXTI15_10_IRQHandler                     0x080001cf   Thumb Code     0  startup_stm32f103xb.o(.text)
    EXTI1_IRQHandler                         0x080001cf   Thumb Code     0  startup_stm32f103xb.o(.text)
    EXTI2_IRQHandler                         0x080001cf   Thumb Code     0  startup_stm32f103xb.o(.text)
    EXTI3_IRQHandler                         0x080001cf   Thumb Code     0  startup_stm32f103xb.o(.text)
    EXTI4_IRQHandler                         0x080001cf   Thumb Code     0  startup_stm32f103xb.o(.text)
    EXTI9_5_IRQHandler                       0x080001cf   Thumb Code     0  startup_stm32f103xb.o(.text)
    FLASH_IRQHandler                         0x080001cf   Thumb Code     0  startup_stm32f103xb.o(.text)
    I2C1_ER_IRQHandler                       0x080001cf   Thumb Code     0  startup_stm32f103xb.o(.text)
    I2C1_EV_IRQHandler                       0x080001cf   Thumb Code     0  startup_stm32f103xb.o(.text)
    I2C2_ER_IRQHandler                       0x080001cf   Thumb Code     0  startup_stm32f103xb.o(.text)
    I2C2_EV_IRQHandler                       0x080001cf   Thumb Code     0  startup_stm32f103xb.o(.text)
    PVD_IRQHandler                           0x080001cf   Thumb Code     0  startup_stm32f103xb.o(.text)
    RCC_IRQHandler                           0x080001cf   Thumb Code     0  startup_stm32f103xb.o(.text)
    RTC_Alarm_IRQHandler                     0x080001cf   Thumb Code     0  startup_stm32f103xb.o(.text)
    RTC_IRQHandler                           0x080001cf   Thumb Code     0  startup_stm32f103xb.o(.text)
    SPI2_IRQHandler                          0x080001cf   Thumb Code     0  startup_stm32f103xb.o(.text)
    TAMPER_IRQHandler                        0x080001cf   Thumb Code     0  startup_stm32f103xb.o(.text)
    TIM1_BRK_IRQHandler                      0x080001cf   Thumb Code     0  startup_stm32f103xb.o(.text)
    TIM1_CC_IRQHandler                       0x080001cf   Thumb Code     0  startup_stm32f103xb.o(.text)
    TIM1_TRG_COM_IRQHandler                  0x080001cf   Thumb Code     0  startup_stm32f103xb.o(.text)
    TIM1_UP_IRQHandler                       0x080001cf   Thumb Code     0  startup_stm32f103xb.o(.text)
    TIM2_IRQHandler                          0x080001cf   Thumb Code     0  startup_stm32f103xb.o(.text)
    TIM3_IRQHandler                          0x080001cf   Thumb Code     0  startup_stm32f103xb.o(.text)
    TIM4_IRQHandler                          0x080001cf   Thumb Code     0  startup_stm32f103xb.o(.text)
    USART1_IRQHandler                        0x080001cf   Thumb Code     0  startup_stm32f103xb.o(.text)
    USART2_IRQHandler                        0x080001cf   Thumb Code     0  startup_stm32f103xb.o(.text)
    USART3_IRQHandler                        0x080001cf   Thumb Code     0  startup_stm32f103xb.o(.text)
    USBWakeUp_IRQHandler                     0x080001cf   Thumb Code     0  startup_stm32f103xb.o(.text)
    USB_HP_CAN1_TX_IRQHandler                0x080001cf   Thumb Code     0  startup_stm32f103xb.o(.text)
    USB_LP_CAN1_RX0_IRQHandler               0x080001cf   Thumb Code     0  startup_stm32f103xb.o(.text)
    WWDG_IRQHandler                          0x080001cf   Thumb Code     0  startup_stm32f103xb.o(.text)
    __user_initial_stackheap                 0x080001d1   Thumb Code     0  startup_stm32f103xb.o(.text)
    strlen                                   0x080001f5   Thumb Code    62  strlen.o(.text)
    __aeabi_memclr4                          0x08000233   Thumb Code     0  rt_memclr_w.o(.text)
    __aeabi_memclr8                          0x08000233   Thumb Code     0  rt_memclr_w.o(.text)
    __rt_memclr_w                            0x08000233   Thumb Code     0  rt_memclr_w.o(.text)
    _memset_w                                0x08000237   Thumb Code    74  rt_memclr_w.o(.text)
    __use_two_region_memory                  0x08000281   Thumb Code     2  heapauxi.o(.text)
    __rt_heap_escrow                         0x08000283   Thumb Code     2  heapauxi.o(.text)
    __rt_heap_expand                         0x08000285   Thumb Code     2  heapauxi.o(.text)
    __cpp_initialize__aeabi_                 0x08000289   Thumb Code    28  init_aeabi.o(.text)
    _printf_str                              0x080002ad   Thumb Code    82  _printf_str.o(.text)
    abort                                    0x080002ff   Thumb Code    22  abort.o(.text)
    __aeabi_memcpy                           0x08000315   Thumb Code     0  rt_memcpy_v6.o(.text)
    __rt_memcpy                              0x08000315   Thumb Code   138  rt_memcpy_v6.o(.text)
    _memcpy_lastbytes                        0x0800037b   Thumb Code     0  rt_memcpy_v6.o(.text)
    __aeabi_memmove                          0x0800039f   Thumb Code     0  rt_memmove_v6.o(.text)
    __rt_memmove                             0x0800039f   Thumb Code   132  rt_memmove_v6.o(.text)
    __memmove_lastfew                        0x080003ff   Thumb Code     0  rt_memmove_v6.o(.text)
    _sys_exit                                0x08000425   Thumb Code     8  sys_exit.o(.text)
    __user_libspace                          0x08000431   Thumb Code     8  libspace.o(.text)
    __user_perproc_libspace                  0x08000431   Thumb Code     0  libspace.o(.text)
    __user_perthread_libspace                0x08000431   Thumb Code     0  libspace.o(.text)
    malloc                                   0x08000439   Thumb Code    94  h1_alloc.o(.text)
    free                                     0x08000497   Thumb Code    78  h1_free.o(.text)
    _printf_fp_dec_real                      0x08000695   Thumb Code   620  _printf_fp_dec.o(.text)
    _printf_cs_common                        0x08000901   Thumb Code    20  _printf_char.o(.text)
    _printf_char                             0x08000915   Thumb Code    16  _printf_char.o(.text)
    _printf_string                           0x08000925   Thumb Code     8  _printf_char.o(.text)
    __rt_SIGABRT                             0x0800092d   Thumb Code    14  defsig_abrt_outer.o(.text)
    __aeabi_memcpy4                          0x0800093b   Thumb Code     0  rt_memcpy_w.o(.text)
    __aeabi_memcpy8                          0x0800093b   Thumb Code     0  rt_memcpy_w.o(.text)
    __rt_memcpy_w                            0x0800093b   Thumb Code   100  rt_memcpy_w.o(.text)
    _memcpy_lastbytes_aligned                0x08000983   Thumb Code     0  rt_memcpy_w.o(.text)
    __aeabi_memmove4                         0x0800099f   Thumb Code     0  rt_memmove_w.o(.text)
    __aeabi_memmove8                         0x0800099f   Thumb Code     0  rt_memmove_w.o(.text)
    __rt_memmove_w                           0x0800099f   Thumb Code   122  rt_memmove_w.o(.text)
    __memmove_aligned                        0x080009c5   Thumb Code     0  rt_memmove_w.o(.text)
    __memmove_lastfew_aligned                0x080009fd   Thumb Code     0  rt_memmove_w.o(.text)
    __I$use$semihosting                      0x08000a19   Thumb Code     0  use_no_semi.o(.text)
    __use_no_semihosting_swi                 0x08000a19   Thumb Code     2  use_no_semi.o(.text)
    __semihosting_library_function           0x08000a1b   Thumb Code     0  indicate_semi.o(.text)
    __user_setup_stackheap                   0x08000a1b   Thumb Code    74  sys_stackheap_outer.o(.text)
    __rt_heap_descriptor                     0x08000a65   Thumb Code     8  rt_heap_descriptor_intlibspace.o(.text)
    __rt_locale                              0x08000a6d   Thumb Code     8  rt_locale_intlibspace.o(.text)
    __use_no_heap                            0x08000a75   Thumb Code     2  hguard.o(.text)
    __heap$guard                             0x08000a77   Thumb Code     2  hguard.o(.text)
    _terminate_user_alloc                    0x08000a79   Thumb Code     2  init_alloc.o(.text)
    _init_user_alloc                         0x08000a7b   Thumb Code     2  init_alloc.o(.text)
    __Heap_Full                              0x08000a7d   Thumb Code    34  init_alloc.o(.text)
    __Heap_Broken                            0x08000a9f   Thumb Code     6  init_alloc.o(.text)
    _init_alloc                              0x08000aa5   Thumb Code    94  init_alloc.o(.text)
    __Heap_Initialize                        0x08000b03   Thumb Code    10  h1_init.o(.text)
    __Heap_DescSize                          0x08000b0d   Thumb Code     4  h1_init.o(.text)
    _ll_udiv10                               0x08000b11   Thumb Code   138  lludiv10.o(.text)
    _printf_fp_infnan                        0x08000b9d   Thumb Code   112  _printf_fp_infnan.o(.text)
    _btod_etento                             0x08000c1d   Thumb Code   224  bigflt0.o(.text)
    exit                                     0x08000d01   Thumb Code    18  exit.o(.text)
    __sig_exit                               0x08000d13   Thumb Code    10  defsig_exit.o(.text)
    __rt_SIGABRT_inner                       0x08000d1d   Thumb Code    14  defsig_abrt_inner.o(.text)
    __Heap_ProvideMemory                     0x08000d4d   Thumb Code    52  h1_extend.o(.text)
    _maybe_terminate_alloc                   0x08000d4d   Thumb Code     0  maybetermalloc1.o(.text)
    __default_signal_display                 0x08000d81   Thumb Code    50  defsig_general.o(.text)
    __rt_SIGRTMEM                            0x08000db3   Thumb Code    14  defsig_rtmem_outer.o(.text)
    strcmp                                   0x08000dc1   Thumb Code   128  strcmpv7m.o(.text)
    _ttywrch                                 0x08000e41   Thumb Code    14  sys_wrch.o(.text)
    __rt_SIGRTMEM_inner                      0x08000e51   Thumb Code    22  defsig_rtmem_inner.o(.text)
    BusFault_Handler                         0x08000ea1   Thumb Code     4  stm32f1xx_it.o(.text.BusFault_Handler)
    DMA1_Channel3_IRQHandler                 0x08000ea5   Thumb Code    16  stm32f1xx_it.o(.text.DMA1_Channel3_IRQHandler)
    DebugMon_Handler                         0x08000eb5   Thumb Code     2  stm32f1xx_it.o(.text.DebugMon_Handler)
    Error_Handler                            0x08000eb9   Thumb Code    14  main.o(.text.Error_Handler)
    HAL_DMA_Abort_IT                         0x08000ec9   Thumb Code   284  stm32f1xx_hal_dma.o(.text.HAL_DMA_Abort_IT)
    HAL_DMA_IRQHandler                       0x08000fe5   Thumb Code   646  stm32f1xx_hal_dma.o(.text.HAL_DMA_IRQHandler)
    HAL_DMA_Init                             0x0800126d   Thumb Code   174  stm32f1xx_hal_dma.o(.text.HAL_DMA_Init)
    HAL_Delay                                0x0800131d   Thumb Code    66  stm32f1xx_hal.o(.text.HAL_Delay)
    HAL_GPIO_Init                            0x08001361   Thumb Code   798  stm32f1xx_hal_gpio.o(.text.HAL_GPIO_Init)
    HAL_GPIO_WritePin                        0x08001681   Thumb Code    46  stm32f1xx_hal_gpio.o(.text.HAL_GPIO_WritePin)
    HAL_GetTick                              0x080016b1   Thumb Code    12  stm32f1xx_hal.o(.text.HAL_GetTick)
    HAL_IncTick                              0x080016bd   Thumb Code    26  stm32f1xx_hal.o(.text.HAL_IncTick)
    HAL_Init                                 0x080016d9   Thumb Code    38  stm32f1xx_hal.o(.text.HAL_Init)
    HAL_InitTick                             0x08001701   Thumb Code   112  stm32f1xx_hal.o(.text.HAL_InitTick)
    HAL_MspInit                              0x08001771   Thumb Code   100  stm32f1xx_hal_msp.o(.text.HAL_MspInit)
    HAL_NVIC_EnableIRQ                       0x080017d5   Thumb Code    20  stm32f1xx_hal_cortex.o(.text.HAL_NVIC_EnableIRQ)
    HAL_NVIC_SetPriority                     0x080017e9   Thumb Code    50  stm32f1xx_hal_cortex.o(.text.HAL_NVIC_SetPriority)
    HAL_NVIC_SetPriorityGrouping             0x0800181d   Thumb Code    16  stm32f1xx_hal_cortex.o(.text.HAL_NVIC_SetPriorityGrouping)
    HAL_RCC_ClockConfig                      0x0800182d   Thumb Code   598  stm32f1xx_hal_rcc.o(.text.HAL_RCC_ClockConfig)
    HAL_RCC_GetSysClockFreq                  0x08001a85   Thumb Code   188  stm32f1xx_hal_rcc.o(.text.HAL_RCC_GetSysClockFreq)
    HAL_RCC_OscConfig                        0x08001b41   Thumb Code  1658  stm32f1xx_hal_rcc.o(.text.HAL_RCC_OscConfig)
    HAL_SPI_ErrorCallback                    0x080021bd   Thumb Code     8  stm32f1xx_hal_spi.o(.text.HAL_SPI_ErrorCallback)
    HAL_SPI_IRQHandler                       0x080021c5   Thumb Code   508  stm32f1xx_hal_spi.o(.text.HAL_SPI_IRQHandler)
    HAL_SPI_Init                             0x080023c1   Thumb Code   248  stm32f1xx_hal_spi.o(.text.HAL_SPI_Init)
    HAL_SPI_MspInit                          0x080024b9   Thumb Code   222  spi.o(.text.HAL_SPI_MspInit)
    HAL_SPI_Transmit                         0x08002599   Thumb Code   662  stm32f1xx_hal_spi.o(.text.HAL_SPI_Transmit)
    HAL_SYSTICK_Config                       0x08002831   Thumb Code    16  stm32f1xx_hal_cortex.o(.text.HAL_SYSTICK_Config)
    HAL_TIMEx_MasterConfigSynchronization    0x08002841   Thumb Code   220  stm32f1xx_hal_tim_ex.o(.text.HAL_TIMEx_MasterConfigSynchronization)
    HAL_TIM_Base_Init                        0x0800291d   Thumb Code   156  stm32f1xx_hal_tim.o(.text.HAL_TIM_Base_Init)
    HAL_TIM_Base_MspInit                     0x080029b9   Thumb Code    52  tim.o(.text.HAL_TIM_Base_MspInit)
    HAL_TIM_Base_Start                       0x080029ed   Thumb Code   164  stm32f1xx_hal_tim.o(.text.HAL_TIM_Base_Start)
    HAL_TIM_ConfigClockSource                0x08002a91   Thumb Code   388  stm32f1xx_hal_tim.o(.text.HAL_TIM_ConfigClockSource)
    HAL_TIM_MspPostInit                      0x08002c15   Thumb Code    86  tim.o(.text.HAL_TIM_MspPostInit)
    HAL_TIM_PWM_ConfigChannel                0x08002c6d   Thumb Code   322  stm32f1xx_hal_tim.o(.text.HAL_TIM_PWM_ConfigChannel)
    HAL_TIM_PWM_Init                         0x08002db1   Thumb Code   156  stm32f1xx_hal_tim.o(.text.HAL_TIM_PWM_Init)
    HAL_TIM_PWM_MspInit                      0x08002e4d   Thumb Code     8  stm32f1xx_hal_tim.o(.text.HAL_TIM_PWM_MspInit)
    HAL_TIM_PWM_Start                        0x08002e55   Thumb Code   352  stm32f1xx_hal_tim.o(.text.HAL_TIM_PWM_Start)
    HardFault_Handler                        0x08002fb5   Thumb Code     4  stm32f1xx_it.o(.text.HardFault_Handler)
    MX_DMA_Init                              0x08002fb9   Thumb Code    56  dma.o(.text.MX_DMA_Init)
    MX_GPIO_Init                             0x08002ff1   Thumb Code   124  gpio.o(.text.MX_GPIO_Init)
    MX_SPI1_Init                             0x0800306d   Thumb Code    78  spi.o(.text.MX_SPI1_Init)
    MX_TIM2_Init                             0x080030bd   Thumb Code   214  tim.o(.text.MX_TIM2_Init)
    MemManage_Handler                        0x08003195   Thumb Code     4  stm32f1xx_it.o(.text.MemManage_Handler)
    NMI_Handler                              0x08003199   Thumb Code     4  stm32f1xx_it.o(.text.NMI_Handler)
    PendSV_Handler                           0x08003209   Thumb Code     2  stm32f1xx_it.o(.text.PendSV_Handler)
    SPI1_IRQHandler                          0x08003249   Thumb Code    16  stm32f1xx_it.o(.text.SPI1_IRQHandler)
    SVC_Handler                              0x080033e9   Thumb Code     2  stm32f1xx_it.o(.text.SVC_Handler)
    SysTick_Handler                          0x08003441   Thumb Code     8  stm32f1xx_it.o(.text.SysTick_Handler)
    SystemInit                               0x08003449   Thumb Code     2  system_stm32f1xx.o(.text.SystemInit)
    TIM_Base_SetConfig                       0x0800344d   Thumb Code   240  stm32f1xx_hal_tim.o(.text.TIM_Base_SetConfig)
    TIM_CCxChannelCmd                        0x0800353d   Thumb Code    54  stm32f1xx_hal_tim.o(.text.TIM_CCxChannelCmd)
    TIM_ETR_SetConfig                        0x08003575   Thumb Code    52  stm32f1xx_hal_tim.o(.text.TIM_ETR_SetConfig)
    TIM_OC2_SetConfig                        0x080036a5   Thumb Code   216  stm32f1xx_hal_tim.o(.text.TIM_OC2_SetConfig)
    UsageFault_Handler                       0x08003991   Thumb Code     4  stm32f1xx_it.o(.text.UsageFault_Handler)
    SystemClock_Config()                     0x0800399d   Thumb Code   108  main.o(.text._Z18SystemClock_Configv)
    Device::LCD::LCD_ST7735::_writeByte(unsigned char, bool) 0x08003a09   Thumb Code    84  device_lcd_st7735.o(.text._ZN6Device3LCD10LCD_ST773510_writeByteEhb)
    Device::LCD::LCD_ST7735::drawCircle(unsigned short, unsigned short, unsigned short, unsigned short) 0x08003a5d   Thumb Code   388  device_lcd_st7735.o(.text._ZN6Device3LCD10LCD_ST773510drawCircleEtttt)
    Device::LCD::LCD_ST7735::drawPoints(unsigned short*, unsigned short*, unsigned short*, unsigned short) 0x08003be1   Thumb Code   170  device_lcd_st7735.o(.text._ZN6Device3LCD10LCD_ST773510drawPointsEPtS2_S2_t)
    Device::LCD::LCD_ST7735::fillCircle(unsigned short, unsigned short, unsigned short, unsigned short) 0x08003c8d   Thumb Code    34  device_lcd_st7735.o(.text._ZN6Device3LCD10LCD_ST773510fillCircleEtttt)
    Device::LCD::LCD_ST7735::fillScreen(unsigned short) 0x08003cb1   Thumb Code    74  device_lcd_st7735.o(.text._ZN6Device3LCD10LCD_ST773510fillScreenEt)
    Device::LCD::LCD_ST7735::_writeBytes(unsigned char*, unsigned short, bool) 0x08003cfd   Thumb Code    86  device_lcd_st7735.o(.text._ZN6Device3LCD10LCD_ST773511_writeBytesEPhtb)
    Device::LCD::LCD_ST7735::setBackLight(unsigned char) 0x08003d55   Thumb Code   132  device_lcd_st7735.o(.text._ZN6Device3LCD10LCD_ST773512setBackLightEh)
    Device::LCD::LCD_ST7735::_setSubWindow(unsigned short, unsigned short, unsigned short, unsigned short) 0x08003dd9   Thumb Code   226  device_lcd_st7735.o(.text._ZN6Device3LCD10LCD_ST773513_setSubWindowEtttt)
    Device::LCD::LCD_ST7735::drawAscii_6x12(unsigned short, unsigned short, unsigned short, unsigned short, unsigned short, bool) 0x08003ebd   Thumb Code   270  device_lcd_st7735.o(.text._ZN6Device3LCD10LCD_ST773514drawAscii_6x12Etttttb)
    Device::LCD::LCD_ST7735::LCD_ShowString_6x12(unsigned short, unsigned short, std::__2::basic_string<char, std::__2::char_traits<char>, std::__2::allocator<char>>, unsigned short, unsigned short, bool) 0x08003fcd   Thumb Code   250  device_lcd_st7735.o(.text._ZN6Device3LCD10LCD_ST773519LCD_ShowString_6x12EttNSt3__212basic_stringIcNS2_11char_traitsIcEENS2_9allocatorIcEEEEttb)
    Device::LCD::LCD_ST7735::on()            0x080040c9   Thumb Code    30  device_lcd_st7735.o(.text._ZN6Device3LCD10LCD_ST77352onEv)
    Device::LCD::LCD_ST7735::off()           0x080040e9   Thumb Code    30  device_lcd_st7735.o(.text._ZN6Device3LCD10LCD_ST77353offEv)
    Device::LCD::LCD_ST7735::init()          0x08004109   Thumb Code   856  device_lcd_st7735.o(.text._ZN6Device3LCD10LCD_ST77354initEv)
    Device::LCD::LCD_ST7735::_reset()        0x08004461   Thumb Code    52  device_lcd_st7735.o(.text._ZN6Device3LCD10LCD_ST77356_resetEv)
    Device::LCD::LCD_ST7735::setDir(Device::LCD::LCD_Base<Device::LCD::LCD_ST7735>::dir_e) 0x08004495   Thumb Code    20  device_lcd_st7735.o(.text._ZN6Device3LCD10LCD_ST77356setDirENS0_8LCD_BaseIS1_E5dir_eE)
    Device::LCD::LCD_ST7735::_posConv(unsigned short&, unsigned short&, Device::LCD::LCD_Base<Device::LCD::LCD_ST7735>::dir_e) 0x080044a9   Thumb Code   298  device_lcd_st7735.o(.text._ZN6Device3LCD10LCD_ST77358_posConvERtS2_NS0_8LCD_BaseIS1_E5dir_eE)
    Device::LCD::LCD_ST7735::drawLine(unsigned short, unsigned short, unsigned short, unsigned short, unsigned short) 0x080045d5   Thumb Code   326  device_lcd_st7735.o(.text._ZN6Device3LCD10LCD_ST77358drawLineEttttt)
    Device::LCD::LCD_ST7735::drawRect(unsigned short, unsigned short, unsigned short, unsigned short, unsigned short) 0x0800471d   Thumb Code   200  device_lcd_st7735.o(.text._ZN6Device3LCD10LCD_ST77358drawRectEttttt)
    Device::LCD::LCD_ST7735::fillRect(unsigned short, unsigned short, unsigned short, unsigned short, unsigned short) 0x080047e5   Thumb Code   212  device_lcd_st7735.o(.text._ZN6Device3LCD10LCD_ST77358fillRectEttttt)
    Device::LCD::LCD_ST7735::drawPoint(unsigned short, unsigned short, unsigned short) 0x080048b9   Thumb Code    96  device_lcd_st7735.o(.text._ZN6Device3LCD10LCD_ST77359drawPointEttt)
    Device::LCD::LCD_ST7735::LCD_ST7735(__SPI_HandleTypeDef*, GPIO_TypeDef*, unsigned short, GPIO_TypeDef*, unsigned short, GPIO_TypeDef*, unsigned short, TIM_HandleTypeDef*, unsigned int, unsigned short, unsigned short, bool) 0x08004919   Thumb Code   148  device_lcd_st7735.o(.text._ZN6Device3LCD10LCD_ST7735C2EP19__SPI_HandleTypeDefP12GPIO_TypeDeftS5_tS5_tP17TIM_HandleTypeDefjttb)
    Device::LCD::LCD_ST7735::LCD_ST7735__sub_object(__SPI_HandleTypeDef*, GPIO_TypeDef*, unsigned short, GPIO_TypeDef*, unsigned short, GPIO_TypeDef*, unsigned short, TIM_HandleTypeDef*, unsigned int, unsigned short, unsigned short, bool) 0x08004919   Thumb Code   148  device_lcd_st7735.o(.text._ZN6Device3LCD10LCD_ST7735C2EP19__SPI_HandleTypeDefP12GPIO_TypeDeftS5_tS5_tP17TIM_HandleTypeDefjttb)
    Device::LCD::LCD_Base<Device::LCD::LCD_ST7735>::LCD_Base__sub_object(unsigned short, unsigned short, bool) 0x080049ad   Thumb Code    62  device_lcd_st7735.o(.text._ZN6Device3LCD8LCD_BaseINS0_10LCD_ST7735EEC2Ettb)
    Device::LCD::getRGB565(Device::LCD::stdColor_e) 0x080049ed   Thumb Code   264  device_lcd_base.o(.text._ZN6Device3LCD9getRGB565ENS0_10stdColor_eE)
    int const Algorithm::MathLib::Abs<int>(int) 0x08004af5   Thumb Code    32  device_lcd_st7735.o(.text._ZN9Algorithm7MathLib3AbsIiEEKT_S2_)
    unsigned short const& Algorithm::MathLib::Max<unsigned short>(unsigned short const&, unsigned short const&) 0x08004b15   Thumb Code    38  device_lcd_st7735.o(.text._ZN9Algorithm7MathLib3MaxItEERKT_S4_S4_)
    unsigned short const& Algorithm::MathLib::Min<unsigned short>(unsigned short const&, unsigned short const&) 0x08004b3d   Thumb Code    38  device_lcd_st7735.o(.text._ZN9Algorithm7MathLib3MinItEERKT_S4_S4_)
    std::__2::__wrap_iter<char*>::base[abi:v16000]() const 0x08004b65   Thumb Code    12  device_lcd_st7735.o(.text._ZNKSt3__211__wrap_iterIPcE4baseB6v16000Ev)
    std::__2::__wrap_iter<char*>::operator*[abi:v16000]() const 0x08004b71   Thumb Code    12  device_lcd_st7735.o(.text._ZNKSt3__211__wrap_iterIPcEdeB6v16000Ev)
    std::__2::basic_string<char, std::__2::char_traits<char>, std::__2::allocator<char>>::__get_long_size[abi:v16000]() const 0x08004b7d   Thumb Code    18  device_lcd_st7735.o(.text._ZNKSt3__212basic_stringIcNS_11char_traitsIcEENS_9allocatorIcEEE15__get_long_sizeB6v16000Ev)
    std::__2::basic_string<char, std::__2::char_traits<char>, std::__2::allocator<char>>::__get_short_size[abi:v16000]() const 0x08004b91   Thumb Code    22  device_lcd_st7735.o(.text._ZNKSt3__212basic_stringIcNS_11char_traitsIcEENS_9allocatorIcEEE16__get_short_sizeB6v16000Ev)
    std::__2::basic_string<char, std::__2::char_traits<char>, std::__2::allocator<char>>::size[abi:v16000]() const 0x08004ba9   Thumb Code    44  device_lcd_st7735.o(.text._ZNKSt3__212basic_stringIcNS_11char_traitsIcEENS_9allocatorIcEEE4sizeB6v16000Ev)
    std::__2::basic_string<char, std::__2::char_traits<char>, std::__2::allocator<char>>::length[abi:v16000]() const 0x08004bd5   Thumb Code    16  device_lcd_st7735.o(.text._ZNKSt3__212basic_stringIcNS_11char_traitsIcEENS_9allocatorIcEEE6lengthB6v16000Ev)
    std::__2::basic_string<char, std::__2::char_traits<char>, std::__2::allocator<char>>::__is_long[abi:v16000]() const 0x08004be5   Thumb Code    20  device_lcd_st7735.o(.text._ZNKSt3__212basic_stringIcNS_11char_traitsIcEENS_9allocatorIcEEE9__is_longB6v16000Ev)
    std::__2::__compressed_pair<std::__2::basic_string<char, std::__2::char_traits<char>, std::__2::allocator<char>>::__rep, std::__2::allocator<char>>::first[abi:v16000]() const 0x08004bf9   Thumb Code    16  device_lcd_st7735.o(.text._ZNKSt3__217__compressed_pairINS_12basic_stringIcNS_11char_traitsIcEENS_9allocatorIcEEE5__repES5_E5firstB6v16000Ev)
    std::__2::__compressed_pair_elem<std::__2::basic_string<char, std::__2::char_traits<char>, std::__2::allocator<char>>::__rep, 0, false>::__get[abi:v16000]() const 0x08004c09   Thumb Code    10  device_lcd_st7735.o(.text._ZNKSt3__222__compressed_pair_elemINS_12basic_stringIcNS_11char_traitsIcEENS_9allocatorIcEEE5__repELi0ELb0EE5__getB6v16000Ev)
    std::__2::__wrap_iter<char*>::__wrap_iter__sub_object[abi:v16000](void const*, char*) 0x08004c15   Thumb Code    18  device_lcd_st7735.o(.text._ZNSt3__211__wrap_iterIPcEC2B6v16000EPKvS1_)
    std::__2::__wrap_iter<char*>::operator++[abi:v16000]() 0x08004c29   Thumb Code    16  device_lcd_st7735.o(.text._ZNSt3__211__wrap_iterIPcEppB6v16000Ev)
    std::__2::char_traits<char>::length(char const*) 0x08004c39   Thumb Code    16  main.o(.text._ZNSt3__211char_traitsIcE6lengthEPKc)
    std::__2::basic_string<char, std::__2::char_traits<char>, std::__2::allocator<char>>::__get_pointer[abi:v16000]() 0x08004c49   Thumb Code    44  device_lcd_st7735.o(.text._ZNSt3__212basic_stringIcNS_11char_traitsIcEENS_9allocatorIcEEE13__get_pointerB6v16000Ev)
    std::__2::basic_string<char, std::__2::char_traits<char>, std::__2::allocator<char>>::__get_long_pointer[abi:v16000]() 0x08004c75   Thumb Code    18  device_lcd_st7735.o(.text._ZNSt3__212basic_stringIcNS_11char_traitsIcEENS_9allocatorIcEEE18__get_long_pointerB6v16000Ev)
    std::__2::basic_string<char, std::__2::char_traits<char>, std::__2::allocator<char>>::__get_short_pointer[abi:v16000]() 0x08004c89   Thumb Code    20  device_lcd_st7735.o(.text._ZNSt3__212basic_stringIcNS_11char_traitsIcEENS_9allocatorIcEEE19__get_short_pointerB6v16000Ev)
    std::__2::basic_string<char, std::__2::char_traits<char>, std::__2::allocator<char>>::end[abi:v16000]() 0x08004c9d   Thumb Code    44  device_lcd_st7735.o(.text._ZNSt3__212basic_stringIcNS_11char_traitsIcEENS_9allocatorIcEEE3endB6v16000Ev)
    std::__2::basic_string<char, std::__2::char_traits<char>, std::__2::allocator<char>>::begin[abi:v16000]() 0x08004cc9   Thumb Code    30  device_lcd_st7735.o(.text._ZNSt3__212basic_stringIcNS_11char_traitsIcEENS_9allocatorIcEEE5beginB6v16000Ev)
    std::__2::basic_string<char, std::__2::char_traits<char>, std::__2::allocator<char>>::__init(char const*, unsigned int) 0x08004ce7   Thumb Code    84  string.cpp.o(.text._ZNSt3__212basic_stringIcNS_11char_traitsIcEENS_9allocatorIcEEE6__initEPKcj)
    std::__2::basic_string<char, std::__2::char_traits<char>, std::__2::allocator<char>>::basic_string__sub_object[abi:v16000]<std::nullptr_t>(char const*) 0x08004d3d   Thumb Code    50  main.o(.text._ZNSt3__212basic_stringIcNS_11char_traitsIcEENS_9allocatorIcEEEC2B6v16000IDnEEPKc)
    std::__2::basic_string<char, std::__2::char_traits<char>, std::__2::allocator<char>>::~basic_string() 0x08004d6f   Thumb Code    30  string.cpp.o(.text._ZNSt3__212basic_stringIcNS_11char_traitsIcEENS_9allocatorIcEEED2Ev)
    std::__2::basic_string<char, std::__2::char_traits<char>, std::__2::allocator<char>>::~basic_string__sub_object() 0x08004d6f   Thumb Code    30  string.cpp.o(.text._ZNSt3__212basic_stringIcNS_11char_traitsIcEENS_9allocatorIcEEED2Ev)
    std::__2::pointer_traits<char*>::pointer_to[abi:v16000](char&) 0x08004d8d   Thumb Code    10  device_lcd_st7735.o(.text._ZNSt3__214pointer_traitsIPcE10pointer_toB6v16000ERc)
    std::__2::__non_trivial_if<true, std::__2::allocator<char>>::__non_trivial_if__sub_object[abi:v16000]() 0x08004d99   Thumb Code    10  main.o(.text._ZNSt3__216__non_trivial_ifILb1ENS_9allocatorIcEEEC2B6v16000Ev)
    std::__2::__compressed_pair<std::__2::basic_string<char, std::__2::char_traits<char>, std::__2::allocator<char>>::__rep, std::__2::allocator<char>>::first[abi:v16000]() 0x08004da5   Thumb Code    16  device_lcd_st7735.o(.text._ZNSt3__217__compressed_pairINS_12basic_stringIcNS_11char_traitsIcEENS_9allocatorIcEEE5__repES5_E5firstB6v16000Ev)
    std::__2::__compressed_pair<std::__2::basic_string<char, std::__2::char_traits<char>, std::__2::allocator<char>>::__rep, std::__2::allocator<char>>::__compressed_pair__sub_object[abi:v16000]<std::__2::__default_init_tag, std::__2::__default_init_tag>(std::__2::__default_init_tag&&, std::__2::__default_init_tag&&) 0x08004db5   Thumb Code    30  main.o(.text._ZNSt3__217__compressed_pairINS_12basic_stringIcNS_11char_traitsIcEENS_9allocatorIcEEE5__repES5_EC2B6v16000INS_18__default_init_tagESA_EEOT_OT0_)
    void std::__2::__debug_db_insert_c[abi:v16000]<std::__2::basic_string<char, std::__2::char_traits<char>, std::__2::allocator<char>>>(std::__2::basic_string<char, std::__2::char_traits<char>, std::__2::allocator<char>>*) 0x08004dd5   Thumb Code     8  main.o(.text._ZNSt3__219__debug_db_insert_cB6v16000INS_12basic_stringIcNS_11char_traitsIcEENS_9allocatorIcEEEEEEvPT_)
    std::__2::__compressed_pair_elem<std::__2::basic_string<char, std::__2::char_traits<char>, std::__2::allocator<char>>::__rep, 0, false>::__get[abi:v16000]() 0x08004ddd   Thumb Code    10  device_lcd_st7735.o(.text._ZNSt3__222__compressed_pair_elemINS_12basic_stringIcNS_11char_traitsIcEENS_9allocatorIcEEE5__repELi0ELb0EE5__getB6v16000Ev)
    std::__2::__compressed_pair_elem<std::__2::basic_string<char, std::__2::char_traits<char>, std::__2::allocator<char>>::__rep, 0, false>::__compressed_pair_elem__sub_object[abi:v16000](std::__2::__default_init_tag) 0x08004de9   Thumb Code    10  main.o(.text._ZNSt3__222__compressed_pair_elemINS_12basic_stringIcNS_11char_traitsIcEENS_9allocatorIcEEE5__repELi0ELb0EEC2B6v16000ENS_18__default_init_tagE)
    std::__2::__compressed_pair_elem<std::__2::allocator<char>, 1, true>::__compressed_pair_elem__sub_object[abi:v16000](std::__2::__default_init_tag) 0x08004df5   Thumb Code    20  main.o(.text._ZNSt3__222__compressed_pair_elemINS_9allocatorIcEELi1ELb1EEC2B6v16000ENS_18__default_init_tagE)
    std::__2::allocator<char>::allocator__sub_object[abi:v16000]() 0x08004e09   Thumb Code    20  main.o(.text._ZNSt3__29allocatorIcEC2B6v16000Ev)
    bool std::__2::operator==[abi:v16000]<char*>(std::__2::__wrap_iter<char*> const&, std::__2::__wrap_iter<char*> const&) 0x08004e1d   Thumb Code    38  device_lcd_st7735.o(.text._ZNSt3__2eqB6v16000IPcEEbRKNS_11__wrap_iterIT_EES6_)
    bool std::__2::operator!=[abi:v16000]<char*>(std::__2::__wrap_iter<char*> const&, std::__2::__wrap_iter<char*> const&) 0x08004e45   Thumb Code    24  device_lcd_st7735.o(.text._ZNSt3__2neB6v16000IPcEEbRKNS_11__wrap_iterIT_EES6_)
    std::get_new_handler()                   0x08004e5d   Thumb Code    12  cxa_handlers.cpp.o(.text._ZSt15get_new_handlerv)
    operator delete(void*)                   0x08004e69   Thumb Code     4  new.cpp.o(.text._ZdlPv)
    operator delete(void*, unsigned int)     0x08004e6d   Thumb Code     4  new.cpp.o(.text._ZdlPvj)
    operator new(unsigned int)               0x08004e71   Thumb Code    38  new.cpp.o(.text._Znwj)
    __cxa_pure_virtual                       0x08004f59   Thumb Code     8  cxa_virtual.cpp.o(.text.__cxa_pure_virtual)
    abort_message                            0x08004fcd   Thumb Code     4  abort_message.cpp.o(.text.abort_message)
    main                                     0x08004fd1   Thumb Code   204  main.o(.text.main)
    _btod_d2e                                0x0800509d   Thumb Code    62  btod.o(CL$$btod_d2e)
    _d2e_denorm_low                          0x080050db   Thumb Code    70  btod.o(CL$$btod_d2e_denorm_low)
    _d2e_norm_op1                            0x08005121   Thumb Code    96  btod.o(CL$$btod_d2e_norm_op1)
    __btod_div_common                        0x08005181   Thumb Code   696  btod.o(CL$$btod_div_common)
    _e2e                                     0x080054b9   Thumb Code   220  btod.o(CL$$btod_e2e)
    _btod_ediv                               0x08005595   Thumb Code    42  btod.o(CL$$btod_ediv)
    _btod_emul                               0x080055bf   Thumb Code    42  btod.o(CL$$btod_emul)
    __btod_mult_common                       0x080055e9   Thumb Code   580  btod.o(CL$$btod_mult_common)
    __ARM_fpclassify                         0x0800582d   Thumb Code    40  fpclassify.o(i.__ARM_fpclassify)
    _get_lc_numeric                          0x08005855   Thumb Code    44  lc_numeric_c.o(locale$$code)
    _printf_fp_dec                           0x08005881   Thumb Code     4  printf1.o(x$fpl$printf1)
    __I$use$fp                               0x08005884   Number         0  usenofp.o(x$fpl$usenofp)
    AHBPrescTable                            0x08005918   Data          16  system_stm32f1xx.o(.rodata.AHBPrescTable)
    vtable for Device::LCD::LCD_ST7735       0x08005db0   Data          60  device_lcd_st7735.o(.rodata._ZTVN6Device3LCD10LCD_ST7735E)
    vtable for Device::LCD::LCD_Base<Device::LCD::LCD_ST7735> 0x08005dec   Data          60  device_lcd_st7735.o(.rodata._ZTVN6Device3LCD8LCD_BaseINS0_10LCD_ST7735EEE)
    Region$$Table$$Base                      0x08005e38   Number         0  anon$$obj.o(Region$$Table)
    Region$$Table$$Limit                     0x08005e58   Number         0  anon$$obj.o(Region$$Table)
    SHT$$INIT_ARRAY$$Base                    0x08005e74   Number         0  main.o(.init_array)
    SHT$$INIT_ARRAY$$Limit                   0x08005e78   Number         0  init_aeabi.o(.init_array)
    SystemCoreClock                          0x20000000   Data           4  system_stm32f1xx.o(.data.SystemCoreClock)
    uwTickFreq                               0x20000004   Data           1  stm32f1xx_hal.o(.data.uwTickFreq)
    uwTickPrio                               0x20000008   Data           4  stm32f1xx_hal.o(.data.uwTickPrio)
    __libspace_start                         0x20000010   Data          96  libspace.o(.bss)
    __cxa_new_handler                        0x20000070   Data           4  cxa_default_handlers.cpp.o(.bss.__cxa_new_handler)
    __temporary_stack_top$libspace           0x20000070   Data           0  libspace.o(.bss)
    g_dbg_LCD_1                              0x20000074   Data          48  main.o(.bss.g_dbg_LCD_1)
    hdma_spi1_tx                             0x200000a4   Data          68  spi.o(.bss.hdma_spi1_tx)
    hspi1                                    0x200000e8   Data          88  spi.o(.bss.hspi1)
    htim2                                    0x20000140   Data          72  tim.o(.bss.htim2)
    uwTick                                   0x20000188   Data           4  stm32f1xx_hal.o(.bss.uwTick)



==============================================================================

Memory Map of the image

  Image Entry point : 0x080000ed

  Load Region LR_IROM1 (Base: 0x08000000, Size: 0x00005e88, Max: 0x00010000, ABSOLUTE)

    Execution Region ER_IROM1 (Exec base: 0x08000000, Load base: 0x08000000, Size: 0x00005e78, Max: 0x00010000, ABSOLUTE)

    Exec Addr    Load Addr    Size         Type   Attr      Idx    E Section Name        Object

    0x08000000   0x08000000   0x000000ec   Data   RO            3    RESET               startup_stm32f103xb.o
    0x080000ec   0x080000ec   0x00000008   Code   RO         1113  * !!!main             c_w.l(__main.o)
    0x080000f4   0x080000f4   0x00000034   Code   RO         2171    !!!scatter          c_w.l(__scatter.o)
    0x08000128   0x08000128   0x0000001a   Code   RO         2173    !!handler_copy      c_w.l(__scatter_copy.o)
    0x08000142   0x08000142   0x00000002   PAD
    0x08000144   0x08000144   0x0000001c   Code   RO         2175    !!handler_zi        c_w.l(__scatter_zi.o)
    0x08000160   0x08000160   0x00000000   Code   RO         1466    .ARM.Collect$$_printf_percent$$00000000  c_w.l(_printf_percent.o)
    0x08000160   0x08000160   0x00000006   Code   RO         1465    .ARM.Collect$$_printf_percent$$00000003  c_w.l(_printf_f.o)
    0x08000166   0x08000166   0x00000006   Code   RO         1464    .ARM.Collect$$_printf_percent$$00000014  c_w.l(_printf_s.o)
    0x0800016c   0x0800016c   0x00000004   Code   RO         1749    .ARM.Collect$$_printf_percent$$00000017  c_w.l(_printf_percent_end.o)
    0x08000170   0x08000170   0x00000002   Code   RO         1944    .ARM.Collect$$libinit$$00000000  c_w.l(libinit.o)
    0x08000172   0x08000172   0x00000000   Code   RO         1510    .ARM.Collect$$libinit$$00000002  c_w.l(libinit2.o)
    0x08000172   0x08000172   0x00000000   Code   RO         1512    .ARM.Collect$$libinit$$00000004  c_w.l(libinit2.o)
    0x08000172   0x08000172   0x00000000   Code   RO         1514    .ARM.Collect$$libinit$$00000006  c_w.l(libinit2.o)
    0x08000172   0x08000172   0x00000008   Code   RO         1515    .ARM.Collect$$libinit$$00000007  c_w.l(libinit2.o)
    0x0800017a   0x0800017a   0x00000000   Code   RO         1517    .ARM.Collect$$libinit$$0000000C  c_w.l(libinit2.o)
    0x0800017a   0x0800017a   0x00000000   Code   RO         1519    .ARM.Collect$$libinit$$0000000E  c_w.l(libinit2.o)
    0x0800017a   0x0800017a   0x00000000   Code   RO         1521    .ARM.Collect$$libinit$$00000010  c_w.l(libinit2.o)
    0x0800017a   0x0800017a   0x00000006   Code   RO         1522    .ARM.Collect$$libinit$$00000011  c_w.l(libinit2.o)
    0x08000180   0x08000180   0x00000000   Code   RO         1524    .ARM.Collect$$libinit$$00000013  c_w.l(libinit2.o)
    0x08000180   0x08000180   0x00000000   Code   RO         1526    .ARM.Collect$$libinit$$00000015  c_w.l(libinit2.o)
    0x08000180   0x08000180   0x00000000   Code   RO         1528    .ARM.Collect$$libinit$$00000017  c_w.l(libinit2.o)
    0x08000180   0x08000180   0x0000000a   Code   RO         1529    .ARM.Collect$$libinit$$00000018  c_w.l(libinit2.o)
    0x0800018a   0x0800018a   0x00000000   Code   RO         1530    .ARM.Collect$$libinit$$00000019  c_w.l(libinit2.o)
    0x0800018a   0x0800018a   0x00000000   Code   RO         1532    .ARM.Collect$$libinit$$0000001B  c_w.l(libinit2.o)
    0x0800018a   0x0800018a   0x00000000   Code   RO         1534    .ARM.Collect$$libinit$$0000001D  c_w.l(libinit2.o)
    0x0800018a   0x0800018a   0x00000000   Code   RO         1536    .ARM.Collect$$libinit$$0000001F  c_w.l(libinit2.o)
    0x0800018a   0x0800018a   0x00000000   Code   RO         1538    .ARM.Collect$$libinit$$00000021  c_w.l(libinit2.o)
    0x0800018a   0x0800018a   0x00000000   Code   RO         1540    .ARM.Collect$$libinit$$00000023  c_w.l(libinit2.o)
    0x0800018a   0x0800018a   0x00000000   Code   RO         1542    .ARM.Collect$$libinit$$00000025  c_w.l(libinit2.o)
    0x0800018a   0x0800018a   0x00000000   Code   RO         1544    .ARM.Collect$$libinit$$00000027  c_w.l(libinit2.o)
    0x0800018a   0x0800018a   0x00000000   Code   RO         1548    .ARM.Collect$$libinit$$0000002E  c_w.l(libinit2.o)
    0x0800018a   0x0800018a   0x00000000   Code   RO         1550    .ARM.Collect$$libinit$$00000030  c_w.l(libinit2.o)
    0x0800018a   0x0800018a   0x00000000   Code   RO         1552    .ARM.Collect$$libinit$$00000032  c_w.l(libinit2.o)
    0x0800018a   0x0800018a   0x00000004   Code   RO         1553    .ARM.Collect$$libinit$$00000033  c_w.l(libinit2.o)
    0x0800018e   0x0800018e   0x00000000   Code   RO         1554    .ARM.Collect$$libinit$$00000034  c_w.l(libinit2.o)
    0x0800018e   0x0800018e   0x00000002   Code   RO         1555    .ARM.Collect$$libinit$$00000035  c_w.l(libinit2.o)
    0x08000190   0x08000190   0x00000002   Code   RO         2111    .ARM.Collect$$libshutdown$$00000000  c_w.l(libshutdown.o)
    0x08000192   0x08000192   0x00000000   Code   RO         1946    .ARM.Collect$$libshutdown$$00000002  c_w.l(libshutdown2.o)
    0x08000192   0x08000192   0x00000000   Code   RO         1948    .ARM.Collect$$libshutdown$$00000004  c_w.l(libshutdown2.o)
    0x08000192   0x08000192   0x00000000   Code   RO         1951    .ARM.Collect$$libshutdown$$00000007  c_w.l(libshutdown2.o)
    0x08000192   0x08000192   0x00000000   Code   RO         1954    .ARM.Collect$$libshutdown$$0000000A  c_w.l(libshutdown2.o)
    0x08000192   0x08000192   0x00000000   Code   RO         1956    .ARM.Collect$$libshutdown$$0000000C  c_w.l(libshutdown2.o)
    0x08000192   0x08000192   0x00000000   Code   RO         1959    .ARM.Collect$$libshutdown$$0000000F  c_w.l(libshutdown2.o)
    0x08000192   0x08000192   0x00000002   Code   RO         1960    .ARM.Collect$$libshutdown$$00000010  c_w.l(libshutdown2.o)
    0x08000194   0x08000194   0x00000000   Code   RO         1420    .ARM.Collect$$rtentry$$00000000  c_w.l(__rtentry.o)
    0x08000194   0x08000194   0x00000000   Code   RO         1645    .ARM.Collect$$rtentry$$00000002  c_w.l(__rtentry2.o)
    0x08000194   0x08000194   0x00000006   Code   RO         1657    .ARM.Collect$$rtentry$$00000004  c_w.l(__rtentry4.o)
    0x0800019a   0x0800019a   0x00000000   Code   RO         1647    .ARM.Collect$$rtentry$$00000009  c_w.l(__rtentry2.o)
    0x0800019a   0x0800019a   0x00000004   Code   RO         1648    .ARM.Collect$$rtentry$$0000000A  c_w.l(__rtentry2.o)
    0x0800019e   0x0800019e   0x00000000   Code   RO         1650    .ARM.Collect$$rtentry$$0000000C  c_w.l(__rtentry2.o)
    0x0800019e   0x0800019e   0x00000008   Code   RO         1651    .ARM.Collect$$rtentry$$0000000D  c_w.l(__rtentry2.o)
    0x080001a6   0x080001a6   0x00000002   Code   RO         1986    .ARM.Collect$$rtexit$$00000000  c_w.l(rtexit.o)
    0x080001a8   0x080001a8   0x00000000   Code   RO         2034    .ARM.Collect$$rtexit$$00000002  c_w.l(rtexit2.o)
    0x080001a8   0x080001a8   0x00000004   Code   RO         2035    .ARM.Collect$$rtexit$$00000003  c_w.l(rtexit2.o)
    0x080001ac   0x080001ac   0x00000006   Code   RO         2036    .ARM.Collect$$rtexit$$00000004  c_w.l(rtexit2.o)
    0x080001b2   0x080001b2   0x00000002   PAD
    0x080001b4   0x080001b4   0x00000040   Code   RO            4    .text               startup_stm32f103xb.o
    0x080001f4   0x080001f4   0x0000003e   Code   RO         1107    .text               c_w.l(strlen.o)
    0x08000232   0x08000232   0x0000004e   Code   RO         1109    .text               c_w.l(rt_memclr_w.o)
    0x08000280   0x08000280   0x00000006   Code   RO         1111    .text               c_w.l(heapauxi.o)
    0x08000286   0x08000286   0x00000002   PAD
    0x08000288   0x08000288   0x00000024   Code   RO         1118    .text               c_w.l(init_aeabi.o)
    0x080002ac   0x080002ac   0x00000052   Code   RO         1442    .text               c_w.l(_printf_str.o)
    0x080002fe   0x080002fe   0x00000016   Code   RO         1489    .text               c_w.l(abort.o)
    0x08000314   0x08000314   0x0000008a   Code   RO         1501    .text               c_w.l(rt_memcpy_v6.o)
    0x0800039e   0x0800039e   0x00000084   Code   RO         1503    .text               c_w.l(rt_memmove_v6.o)
    0x08000422   0x08000422   0x00000002   PAD
    0x08000424   0x08000424   0x0000000c   Code   RO         1637    .text               c_w.l(sys_exit.o)
    0x08000430   0x08000430   0x00000008   Code   RO         1641    .text               c_w.l(libspace.o)
    0x08000438   0x08000438   0x0000005e   Code   RO         1669    .text               c_w.l(h1_alloc.o)
    0x08000496   0x08000496   0x0000004e   Code   RO         1671    .text               c_w.l(h1_free.o)
    0x080004e4   0x080004e4   0x0000041c   Code   RO         1733    .text               c_w.l(_printf_fp_dec.o)
    0x08000900   0x08000900   0x0000002c   Code   RO         1741    .text               c_w.l(_printf_char.o)
    0x0800092c   0x0800092c   0x0000000e   Code   RO         1774    .text               c_w.l(defsig_abrt_outer.o)
    0x0800093a   0x0800093a   0x00000064   Code   RO         1778    .text               c_w.l(rt_memcpy_w.o)
    0x0800099e   0x0800099e   0x0000007a   Code   RO         1780    .text               c_w.l(rt_memmove_w.o)
    0x08000a18   0x08000a18   0x00000002   Code   RO         1810    .text               c_w.l(use_no_semi.o)
    0x08000a1a   0x08000a1a   0x00000000   Code   RO         1814    .text               c_w.l(indicate_semi.o)
    0x08000a1a   0x08000a1a   0x0000004a   Code   RO         1815    .text               c_w.l(sys_stackheap_outer.o)
    0x08000a64   0x08000a64   0x00000008   Code   RO         1824    .text               c_w.l(rt_heap_descriptor_intlibspace.o)
    0x08000a6c   0x08000a6c   0x00000008   Code   RO         1829    .text               c_w.l(rt_locale_intlibspace.o)
    0x08000a74   0x08000a74   0x00000004   Code   RO         1831    .text               c_w.l(hguard.o)
    0x08000a78   0x08000a78   0x0000008a   Code   RO         1833    .text               c_w.l(init_alloc.o)
    0x08000b02   0x08000b02   0x0000000e   Code   RO         1837    .text               c_w.l(h1_init.o)
    0x08000b10   0x08000b10   0x0000008a   Code   RO         1849    .text               c_w.l(lludiv10.o)
    0x08000b9a   0x08000b9a   0x00000002   PAD
    0x08000b9c   0x08000b9c   0x00000080   Code   RO         1855    .text               c_w.l(_printf_fp_infnan.o)
    0x08000c1c   0x08000c1c   0x000000e4   Code   RO         1869    .text               c_w.l(bigflt0.o)
    0x08000d00   0x08000d00   0x00000012   Code   RO         1923    .text               c_w.l(exit.o)
    0x08000d12   0x08000d12   0x0000000a   Code   RO         1925    .text               c_w.l(defsig_exit.o)
    0x08000d1c   0x08000d1c   0x00000030   Code   RO         1927    .text               c_w.l(defsig_abrt_inner.o)
    0x08000d4c   0x08000d4c   0x00000000   Code   RO         1990    .text               c_w.l(maybetermalloc1.o)
    0x08000d4c   0x08000d4c   0x00000034   Code   RO         1992    .text               c_w.l(h1_extend.o)
    0x08000d80   0x08000d80   0x00000032   Code   RO         2010    .text               c_w.l(defsig_general.o)
    0x08000db2   0x08000db2   0x0000000e   Code   RO         2018    .text               c_w.l(defsig_rtmem_outer.o)
    0x08000dc0   0x08000dc0   0x00000080   Code   RO         2022    .text               c_w.l(strcmpv7m.o)
    0x08000e40   0x08000e40   0x0000000e   Code   RO         2029    .text               c_w.l(sys_wrch.o)
    0x08000e4e   0x08000e4e   0x00000002   PAD
    0x08000e50   0x08000e50   0x00000050   Code   RO         2059    .text               c_w.l(defsig_rtmem_inner.o)
    0x08000ea0   0x08000ea0   0x00000004   Code   RO          101    .text.BusFault_Handler  stm32f1xx_it.o
    0x08000ea4   0x08000ea4   0x00000010   Code   RO          113    .text.DMA1_Channel3_IRQHandler  stm32f1xx_it.o
    0x08000eb4   0x08000eb4   0x00000002   Code   RO          107    .text.DebugMon_Handler  stm32f1xx_it.o
    0x08000eb6   0x08000eb6   0x00000002   PAD
    0x08000eb8   0x08000eb8   0x0000000e   Code   RO           17    .text.Error_Handler  main.o
    0x08000ec6   0x08000ec6   0x00000002   PAD
    0x08000ec8   0x08000ec8   0x0000011c   Code   RO          411    .text.HAL_DMA_Abort_IT  stm32f1xx_hal_dma.o
    0x08000fe4   0x08000fe4   0x00000286   Code   RO          415    .text.HAL_DMA_IRQHandler  stm32f1xx_hal_dma.o
    0x0800126a   0x0800126a   0x00000002   PAD
    0x0800126c   0x0800126c   0x000000ae   Code   RO          399    .text.HAL_DMA_Init  stm32f1xx_hal_dma.o
    0x0800131a   0x0800131a   0x00000002   PAD
    0x0800131c   0x0800131c   0x00000042   Code   RO          282    .text.HAL_Delay     stm32f1xx_hal.o
    0x0800135e   0x0800135e   0x00000002   PAD
    0x08001360   0x08001360   0x0000031e   Code   RO          376    .text.HAL_GPIO_Init  stm32f1xx_hal_gpio.o
    0x0800167e   0x0800167e   0x00000002   PAD
    0x08001680   0x08001680   0x0000002e   Code   RO          382    .text.HAL_GPIO_WritePin  stm32f1xx_hal_gpio.o
    0x080016ae   0x080016ae   0x00000002   PAD
    0x080016b0   0x080016b0   0x0000000c   Code   RO          274    .text.HAL_GetTick   stm32f1xx_hal.o
    0x080016bc   0x080016bc   0x0000001a   Code   RO          272    .text.HAL_IncTick   stm32f1xx_hal.o
    0x080016d6   0x080016d6   0x00000002   PAD
    0x080016d8   0x080016d8   0x00000026   Code   RO          262    .text.HAL_Init      stm32f1xx_hal.o
    0x080016fe   0x080016fe   0x00000002   PAD
    0x08001700   0x08001700   0x00000070   Code   RO          264    .text.HAL_InitTick  stm32f1xx_hal.o
    0x08001770   0x08001770   0x00000064   Code   RO          124    .text.HAL_MspInit   stm32f1xx_hal_msp.o
    0x080017d4   0x080017d4   0x00000014   Code   RO          444    .text.HAL_NVIC_EnableIRQ  stm32f1xx_hal_cortex.o
    0x080017e8   0x080017e8   0x00000032   Code   RO          436    .text.HAL_NVIC_SetPriority  stm32f1xx_hal_cortex.o
    0x0800181a   0x0800181a   0x00000002   PAD
    0x0800181c   0x0800181c   0x00000010   Code   RO          432    .text.HAL_NVIC_SetPriorityGrouping  stm32f1xx_hal_cortex.o
    0x0800182c   0x0800182c   0x00000256   Code   RO          328    .text.HAL_RCC_ClockConfig  stm32f1xx_hal_rcc.o
    0x08001a82   0x08001a82   0x00000002   PAD
    0x08001a84   0x08001a84   0x000000bc   Code   RO          330    .text.HAL_RCC_GetSysClockFreq  stm32f1xx_hal_rcc.o
    0x08001b40   0x08001b40   0x0000067a   Code   RO          324    .text.HAL_RCC_OscConfig  stm32f1xx_hal_rcc.o
    0x080021ba   0x080021ba   0x00000002   PAD
    0x080021bc   0x080021bc   0x00000008   Code   RO          229    .text.HAL_SPI_ErrorCallback  stm32f1xx_hal_spi.o
    0x080021c4   0x080021c4   0x000001fc   Code   RO          225    .text.HAL_SPI_IRQHandler  stm32f1xx_hal_spi.o
    0x080023c0   0x080023c0   0x000000f8   Code   RO          145    .text.HAL_SPI_Init  stm32f1xx_hal_spi.o
    0x080024b8   0x080024b8   0x000000de   Code   RO           66    .text.HAL_SPI_MspInit  spi.o
    0x08002596   0x08002596   0x00000002   PAD
    0x08002598   0x08002598   0x00000296   Code   RO          153    .text.HAL_SPI_Transmit  stm32f1xx_hal_spi.o
    0x0800282e   0x0800282e   0x00000002   PAD
    0x08002830   0x08002830   0x00000010   Code   RO          456    .text.HAL_SYSTICK_Config  stm32f1xx_hal_cortex.o
    0x08002840   0x08002840   0x000000dc   Code   RO          953    .text.HAL_TIMEx_MasterConfigSynchronization  stm32f1xx_hal_tim_ex.o
    0x0800291c   0x0800291c   0x0000009c   Code   RO          640    .text.HAL_TIM_Base_Init  stm32f1xx_hal_tim.o
    0x080029b8   0x080029b8   0x00000034   Code   RO           83    .text.HAL_TIM_Base_MspInit  tim.o
    0x080029ec   0x080029ec   0x000000a4   Code   RO          650    .text.HAL_TIM_Base_Start  stm32f1xx_hal_tim.o
    0x08002a90   0x08002a90   0x00000184   Code   RO          832    .text.HAL_TIM_ConfigClockSource  stm32f1xx_hal_tim.o
    0x08002c14   0x08002c14   0x00000056   Code   RO           81    .text.HAL_TIM_MspPostInit  tim.o
    0x08002c6a   0x08002c6a   0x00000002   PAD
    0x08002c6c   0x08002c6c   0x00000142   Code   RO          806    .text.HAL_TIM_PWM_ConfigChannel  stm32f1xx_hal_tim.o
    0x08002dae   0x08002dae   0x00000002   PAD
    0x08002db0   0x08002db0   0x0000009c   Code   RO          694    .text.HAL_TIM_PWM_Init  stm32f1xx_hal_tim.o
    0x08002e4c   0x08002e4c   0x00000008   Code   RO          696    .text.HAL_TIM_PWM_MspInit  stm32f1xx_hal_tim.o
    0x08002e54   0x08002e54   0x00000160   Code   RO          702    .text.HAL_TIM_PWM_Start  stm32f1xx_hal_tim.o
    0x08002fb4   0x08002fb4   0x00000004   Code   RO           97    .text.HardFault_Handler  stm32f1xx_it.o
    0x08002fb8   0x08002fb8   0x00000038   Code   RO           56    .text.MX_DMA_Init   dma.o
    0x08002ff0   0x08002ff0   0x0000007c   Code   RO           48    .text.MX_GPIO_Init  gpio.o
    0x0800306c   0x0800306c   0x0000004e   Code   RO           64    .text.MX_SPI1_Init  spi.o
    0x080030ba   0x080030ba   0x00000002   PAD
    0x080030bc   0x080030bc   0x000000d6   Code   RO           79    .text.MX_TIM2_Init  tim.o
    0x08003192   0x08003192   0x00000002   PAD
    0x08003194   0x08003194   0x00000004   Code   RO           99    .text.MemManage_Handler  stm32f1xx_it.o
    0x08003198   0x08003198   0x00000004   Code   RO           95    .text.NMI_Handler   stm32f1xx_it.o
    0x0800319c   0x0800319c   0x0000006c   Code   RO          442    .text.NVIC_EncodePriority  stm32f1xx_hal_cortex.o
    0x08003208   0x08003208   0x00000002   Code   RO          109    .text.PendSV_Handler  stm32f1xx_it.o
    0x0800320a   0x0800320a   0x00000002   PAD
    0x0800320c   0x0800320c   0x0000003a   Code   RO          326    .text.RCC_Delay     stm32f1xx_hal_rcc.o
    0x08003246   0x08003246   0x00000002   PAD
    0x08003248   0x08003248   0x00000010   Code   RO          115    .text.SPI1_IRQHandler  stm32f1xx_it.o
    0x08003258   0x08003258   0x00000020   Code   RO          227    .text.SPI_DMAAbortOnError  stm32f1xx_hal_spi.o
    0x08003278   0x08003278   0x00000042   Code   RO          155    .text.SPI_EndRxTxTransaction  stm32f1xx_hal_spi.o
    0x080032ba   0x080032ba   0x00000002   PAD
    0x080032bc   0x080032bc   0x0000012a   Code   RO          253    .text.SPI_WaitFlagStateUntilTimeout  stm32f1xx_hal_spi.o
    0x080033e6   0x080033e6   0x00000002   PAD
    0x080033e8   0x080033e8   0x00000002   Code   RO          105    .text.SVC_Handler   stm32f1xx_it.o
    0x080033ea   0x080033ea   0x00000002   PAD
    0x080033ec   0x080033ec   0x00000052   Code   RO          458    .text.SysTick_Config  stm32f1xx_hal_cortex.o
    0x0800343e   0x0800343e   0x00000002   PAD
    0x08003440   0x08003440   0x00000008   Code   RO          111    .text.SysTick_Handler  stm32f1xx_it.o
    0x08003448   0x08003448   0x00000002   Code   RO          976    .text.SystemInit    system_stm32f1xx.o
    0x0800344a   0x0800344a   0x00000002   PAD
    0x0800344c   0x0800344c   0x000000f0   Code   RO          644    .text.TIM_Base_SetConfig  stm32f1xx_hal_tim.o
    0x0800353c   0x0800353c   0x00000036   Code   RO          678    .text.TIM_CCxChannelCmd  stm32f1xx_hal_tim.o
    0x08003572   0x08003572   0x00000002   PAD
    0x08003574   0x08003574   0x00000034   Code   RO          830    .text.TIM_ETR_SetConfig  stm32f1xx_hal_tim.o
    0x080035a8   0x080035a8   0x0000002a   Code   RO          836    .text.TIM_ITRx_SetConfig  stm32f1xx_hal_tim.o
    0x080035d2   0x080035d2   0x00000002   PAD
    0x080035d4   0x080035d4   0x000000ce   Code   RO          788    .text.TIM_OC1_SetConfig  stm32f1xx_hal_tim.o
    0x080036a2   0x080036a2   0x00000002   PAD
    0x080036a4   0x080036a4   0x000000d8   Code   RO          790    .text.TIM_OC2_SetConfig  stm32f1xx_hal_tim.o
    0x0800377c   0x0800377c   0x000000d6   Code   RO          792    .text.TIM_OC3_SetConfig  stm32f1xx_hal_tim.o
    0x08003852   0x08003852   0x00000002   PAD
    0x08003854   0x08003854   0x00000096   Code   RO          794    .text.TIM_OC4_SetConfig  stm32f1xx_hal_tim.o
    0x080038ea   0x080038ea   0x00000002   PAD
    0x080038ec   0x080038ec   0x00000050   Code   RO          834    .text.TIM_TI1_ConfigInputStage  stm32f1xx_hal_tim.o
    0x0800393c   0x0800393c   0x00000052   Code   RO          838    .text.TIM_TI2_ConfigInputStage  stm32f1xx_hal_tim.o
    0x0800398e   0x0800398e   0x00000002   PAD
    0x08003990   0x08003990   0x00000004   Code   RO          103    .text.UsageFault_Handler  stm32f1xx_it.o
    0x08003994   0x08003994   0x00000008   Code   RO           19    .text._GLOBAL__sub_I_main.c  main.o
    0x0800399c   0x0800399c   0x0000006c   Code   RO           15    .text._Z18SystemClock_Configv  main.o
    0x08003a08   0x08003a08   0x00000054   Code   RO          993    .text._ZN6Device3LCD10LCD_ST773510_writeByteEhb  device_lcd_st7735.o
    0x08003a5c   0x08003a5c   0x00000184   Code   RO         1023    .text._ZN6Device3LCD10LCD_ST773510drawCircleEtttt  device_lcd_st7735.o
    0x08003be0   0x08003be0   0x000000aa   Code   RO         1015    .text._ZN6Device3LCD10LCD_ST773510drawPointsEPtS2_S2_t  device_lcd_st7735.o
    0x08003c8a   0x08003c8a   0x00000002   PAD
    0x08003c8c   0x08003c8c   0x00000022   Code   RO         1025    .text._ZN6Device3LCD10LCD_ST773510fillCircleEtttt  device_lcd_st7735.o
    0x08003cae   0x08003cae   0x00000002   PAD
    0x08003cb0   0x08003cb0   0x0000004a   Code   RO         1027    .text._ZN6Device3LCD10LCD_ST773510fillScreenEt  device_lcd_st7735.o
    0x08003cfa   0x08003cfa   0x00000002   PAD
    0x08003cfc   0x08003cfc   0x00000056   Code   RO          995    .text._ZN6Device3LCD10LCD_ST773511_writeBytesEPhtb  device_lcd_st7735.o
    0x08003d52   0x08003d52   0x00000002   PAD
    0x08003d54   0x08003d54   0x00000084   Code   RO         1011    .text._ZN6Device3LCD10LCD_ST773512setBackLightEh  device_lcd_st7735.o
    0x08003dd8   0x08003dd8   0x000000e2   Code   RO          997    .text._ZN6Device3LCD10LCD_ST773513_setSubWindowEtttt  device_lcd_st7735.o
    0x08003eba   0x08003eba   0x00000002   PAD
    0x08003ebc   0x08003ebc   0x0000010e   Code   RO         1029    .text._ZN6Device3LCD10LCD_ST773514drawAscii_6x12Etttttb  device_lcd_st7735.o
    0x08003fca   0x08003fca   0x00000002   PAD
    0x08003fcc   0x08003fcc   0x000000fa   Code   RO         1031    .text._ZN6Device3LCD10LCD_ST773519LCD_ShowString_6x12EttNSt3__212basic_stringIcNS2_11char_traitsIcEENS2_9allocatorIcEEEEttb  device_lcd_st7735.o
    0x080040c6   0x080040c6   0x00000002   PAD
    0x080040c8   0x080040c8   0x0000001e   Code   RO         1005    .text._ZN6Device3LCD10LCD_ST77352onEv  device_lcd_st7735.o
    0x080040e6   0x080040e6   0x00000002   PAD
    0x080040e8   0x080040e8   0x0000001e   Code   RO         1007    .text._ZN6Device3LCD10LCD_ST77353offEv  device_lcd_st7735.o
    0x08004106   0x08004106   0x00000002   PAD
    0x08004108   0x08004108   0x00000358   Code   RO         1003    .text._ZN6Device3LCD10LCD_ST77354initEv  device_lcd_st7735.o
    0x08004460   0x08004460   0x00000034   Code   RO          991    .text._ZN6Device3LCD10LCD_ST77356_resetEv  device_lcd_st7735.o
    0x08004494   0x08004494   0x00000014   Code   RO         1009    .text._ZN6Device3LCD10LCD_ST77356setDirENS0_8LCD_BaseIS1_E5dir_eE  device_lcd_st7735.o
    0x080044a8   0x080044a8   0x0000012a   Code   RO          999    .text._ZN6Device3LCD10LCD_ST77358_posConvERtS2_NS0_8LCD_BaseIS1_E5dir_eE  device_lcd_st7735.o
    0x080045d2   0x080045d2   0x00000002   PAD
    0x080045d4   0x080045d4   0x00000146   Code   RO         1017    .text._ZN6Device3LCD10LCD_ST77358drawLineEttttt  device_lcd_st7735.o
    0x0800471a   0x0800471a   0x00000002   PAD
    0x0800471c   0x0800471c   0x000000c8   Code   RO         1019    .text._ZN6Device3LCD10LCD_ST77358drawRectEttttt  device_lcd_st7735.o
    0x080047e4   0x080047e4   0x000000d4   Code   RO         1021    .text._ZN6Device3LCD10LCD_ST77358fillRectEttttt  device_lcd_st7735.o
    0x080048b8   0x080048b8   0x00000060   Code   RO         1013    .text._ZN6Device3LCD10LCD_ST77359drawPointEttt  device_lcd_st7735.o
    0x08004918   0x08004918   0x00000094   Code   RO         1001    .text._ZN6Device3LCD10LCD_ST7735C2EP19__SPI_HandleTypeDefP12GPIO_TypeDeftS5_tS5_tP17TIM_HandleTypeDefjttb  device_lcd_st7735.o
    0x080049ac   0x080049ac   0x0000003e   Code   RO         1046    .text._ZN6Device3LCD8LCD_BaseINS0_10LCD_ST7735EEC2Ettb  device_lcd_st7735.o
    0x080049ea   0x080049ea   0x00000002   PAD
    0x080049ec   0x080049ec   0x00000108   Code   RO         1094    .text._ZN6Device3LCD9getRGB565ENS0_10stdColor_eE  device_lcd_base.o
    0x08004af4   0x08004af4   0x00000020   Code   RO         1048    .text._ZN9Algorithm7MathLib3AbsIiEEKT_S2_  device_lcd_st7735.o
    0x08004b14   0x08004b14   0x00000026   Code   RO         1044    .text._ZN9Algorithm7MathLib3MaxItEERKT_S4_S4_  device_lcd_st7735.o
    0x08004b3a   0x08004b3a   0x00000002   PAD
    0x08004b3c   0x08004b3c   0x00000026   Code   RO         1042    .text._ZN9Algorithm7MathLib3MinItEERKT_S4_S4_  device_lcd_st7735.o
    0x08004b62   0x08004b62   0x00000002   PAD
    0x08004b64   0x08004b64   0x0000000c   Code   RO         1064    .text._ZNKSt3__211__wrap_iterIPcE4baseB6v16000Ev  device_lcd_st7735.o
    0x08004b70   0x08004b70   0x0000000c   Code   RO         1058    .text._ZNKSt3__211__wrap_iterIPcEdeB6v16000Ev  device_lcd_st7735.o
    0x08004b7c   0x08004b7c   0x00000012   Code   RO         1070    .text._ZNKSt3__212basic_stringIcNS_11char_traitsIcEENS_9allocatorIcEEE15__get_long_sizeB6v16000Ev  device_lcd_st7735.o
    0x08004b8e   0x08004b8e   0x00000002   PAD
    0x08004b90   0x08004b90   0x00000016   Code   RO         1072    .text._ZNKSt3__212basic_stringIcNS_11char_traitsIcEENS_9allocatorIcEEE16__get_short_sizeB6v16000Ev  device_lcd_st7735.o
    0x08004ba6   0x08004ba6   0x00000002   PAD
    0x08004ba8   0x08004ba8   0x0000002c   Code   RO         1066    .text._ZNKSt3__212basic_stringIcNS_11char_traitsIcEENS_9allocatorIcEEE4sizeB6v16000Ev  device_lcd_st7735.o
    0x08004bd4   0x08004bd4   0x00000010   Code   RO         1050    .text._ZNKSt3__212basic_stringIcNS_11char_traitsIcEENS_9allocatorIcEEE6lengthB6v16000Ev  device_lcd_st7735.o
    0x08004be4   0x08004be4   0x00000014   Code   RO         1068    .text._ZNKSt3__212basic_stringIcNS_11char_traitsIcEENS_9allocatorIcEEE9__is_longB6v16000Ev  device_lcd_st7735.o
    0x08004bf8   0x08004bf8   0x00000010   Code   RO         1074    .text._ZNKSt3__217__compressed_pairINS_12basic_stringIcNS_11char_traitsIcEENS_9allocatorIcEEE5__repES5_E5firstB6v16000Ev  device_lcd_st7735.o
    0x08004c08   0x08004c08   0x0000000a   Code   RO         1076    .text._ZNKSt3__222__compressed_pair_elemINS_12basic_stringIcNS_11char_traitsIcEENS_9allocatorIcEEE5__repELi0ELb0EE5__getB6v16000Ev  device_lcd_st7735.o
    0x08004c12   0x08004c12   0x00000002   PAD
    0x08004c14   0x08004c14   0x00000012   Code   RO         1080    .text._ZNSt3__211__wrap_iterIPcEC2B6v16000EPKvS1_  device_lcd_st7735.o
    0x08004c26   0x08004c26   0x00000002   PAD
    0x08004c28   0x08004c28   0x00000010   Code   RO         1060    .text._ZNSt3__211__wrap_iterIPcEppB6v16000Ev  device_lcd_st7735.o
    0x08004c38   0x08004c38   0x00000010   Code   RO           35    .text._ZNSt3__211char_traitsIcE6lengthEPKc  main.o
    0x08004c48   0x08004c48   0x0000002c   Code   RO         1078    .text._ZNSt3__212basic_stringIcNS_11char_traitsIcEENS_9allocatorIcEEE13__get_pointerB6v16000Ev  device_lcd_st7735.o
    0x08004c74   0x08004c74   0x00000012   Code   RO         1082    .text._ZNSt3__212basic_stringIcNS_11char_traitsIcEENS_9allocatorIcEEE18__get_long_pointerB6v16000Ev  device_lcd_st7735.o
    0x08004c86   0x08004c86   0x00000002   PAD
    0x08004c88   0x08004c88   0x00000014   Code   RO         1084    .text._ZNSt3__212basic_stringIcNS_11char_traitsIcEENS_9allocatorIcEEE19__get_short_pointerB6v16000Ev  device_lcd_st7735.o
    0x08004c9c   0x08004c9c   0x0000002c   Code   RO         1054    .text._ZNSt3__212basic_stringIcNS_11char_traitsIcEENS_9allocatorIcEEE3endB6v16000Ev  device_lcd_st7735.o
    0x08004cc8   0x08004cc8   0x0000001e   Code   RO         1052    .text._ZNSt3__212basic_stringIcNS_11char_traitsIcEENS_9allocatorIcEEE5beginB6v16000Ev  device_lcd_st7735.o
    0x08004ce6   0x08004ce6   0x00000054   Code   RO         1224    .text._ZNSt3__212basic_stringIcNS_11char_traitsIcEENS_9allocatorIcEEE6__initEPKcj  libcpp_w.l(string.cpp.o)
    0x08004d3a   0x08004d3a   0x00000002   PAD
    0x08004d3c   0x08004d3c   0x00000032   Code   RO           31    .text._ZNSt3__212basic_stringIcNS_11char_traitsIcEENS_9allocatorIcEEEC2B6v16000IDnEEPKc  main.o
    0x08004d6e   0x08004d6e   0x0000001e   Code   RO         1214    .text._ZNSt3__212basic_stringIcNS_11char_traitsIcEENS_9allocatorIcEEED2Ev  libcpp_w.l(string.cpp.o)
    0x08004d8c   0x08004d8c   0x0000000a   Code   RO         1090    .text._ZNSt3__214pointer_traitsIPcE10pointer_toB6v16000ERc  device_lcd_st7735.o
    0x08004d96   0x08004d96   0x00000002   PAD
    0x08004d98   0x08004d98   0x0000000a   Code   RO           45    .text._ZNSt3__216__non_trivial_ifILb1ENS_9allocatorIcEEEC2B6v16000Ev  main.o
    0x08004da2   0x08004da2   0x00000002   PAD
    0x08004da4   0x08004da4   0x00000010   Code   RO         1086    .text._ZNSt3__217__compressed_pairINS_12basic_stringIcNS_11char_traitsIcEENS_9allocatorIcEEE5__repES5_E5firstB6v16000Ev  device_lcd_st7735.o
    0x08004db4   0x08004db4   0x0000001e   Code   RO           33    .text._ZNSt3__217__compressed_pairINS_12basic_stringIcNS_11char_traitsIcEENS_9allocatorIcEEE5__repES5_EC2B6v16000INS_18__default_init_tagESA_EEOT_OT0_  main.o
    0x08004dd2   0x08004dd2   0x00000002   PAD
    0x08004dd4   0x08004dd4   0x00000008   Code   RO           37    .text._ZNSt3__219__debug_db_insert_cB6v16000INS_12basic_stringIcNS_11char_traitsIcEENS_9allocatorIcEEEEEEvPT_  main.o
    0x08004ddc   0x08004ddc   0x0000000a   Code   RO         1088    .text._ZNSt3__222__compressed_pair_elemINS_12basic_stringIcNS_11char_traitsIcEENS_9allocatorIcEEE5__repELi0ELb0EE5__getB6v16000Ev  device_lcd_st7735.o
    0x08004de6   0x08004de6   0x00000002   PAD
    0x08004de8   0x08004de8   0x0000000a   Code   RO           39    .text._ZNSt3__222__compressed_pair_elemINS_12basic_stringIcNS_11char_traitsIcEENS_9allocatorIcEEE5__repELi0ELb0EEC2B6v16000ENS_18__default_init_tagE  main.o
    0x08004df2   0x08004df2   0x00000002   PAD
    0x08004df4   0x08004df4   0x00000014   Code   RO           41    .text._ZNSt3__222__compressed_pair_elemINS_9allocatorIcEELi1ELb1EEC2B6v16000ENS_18__default_init_tagE  main.o
    0x08004e08   0x08004e08   0x00000014   Code   RO           43    .text._ZNSt3__29allocatorIcEC2B6v16000Ev  main.o
    0x08004e1c   0x08004e1c   0x00000026   Code   RO         1062    .text._ZNSt3__2eqB6v16000IPcEEbRKNS_11__wrap_iterIT_EES6_  device_lcd_st7735.o
    0x08004e42   0x08004e42   0x00000002   PAD
    0x08004e44   0x08004e44   0x00000018   Code   RO         1056    .text._ZNSt3__2neB6v16000IPcEEbRKNS_11__wrap_iterIT_EES6_  device_lcd_st7735.o
    0x08004e5c   0x08004e5c   0x0000000c   Code   RO         1804    .text._ZSt15get_new_handlerv  libcppabi_w.l(cxa_handlers.cpp.o)
    0x08004e68   0x08004e68   0x00000004   Code   RO         1575    .text._ZdlPv        libcpp_w.l(new.cpp.o)
    0x08004e6c   0x08004e6c   0x00000004   Code   RO         1579    .text._ZdlPvj       libcpp_w.l(new.cpp.o)
    0x08004e70   0x08004e70   0x00000026   Code   RO         1567    .text._Znwj         libcpp_w.l(new.cpp.o)
    0x08004e96   0x08004e96   0x00000002   PAD
    0x08004e98   0x08004e98   0x00000030   Code   RO          446    .text.__NVIC_EnableIRQ  stm32f1xx_hal_cortex.o
    0x08004ec8   0x08004ec8   0x00000010   Code   RO          438    .text.__NVIC_GetPriorityGrouping  stm32f1xx_hal_cortex.o
    0x08004ed8   0x08004ed8   0x00000042   Code   RO          440    .text.__NVIC_SetPriority  stm32f1xx_hal_cortex.o
    0x08004f1a   0x08004f1a   0x00000002   PAD
    0x08004f1c   0x08004f1c   0x0000003c   Code   RO          434    .text.__NVIC_SetPriorityGrouping  stm32f1xx_hal_cortex.o
    0x08004f58   0x08004f58   0x00000028   Code   RO         1415    .text.__cxa_pure_virtual  libcppabi_w.l(cxa_virtual.cpp.o)
    0x08004f80   0x08004f80   0x0000004c   Code   RO           11    .text.__cxx_global_var_init  main.o
    0x08004fcc   0x08004fcc   0x00000004   Code   RO         1610    .text.abort_message  libcppabi_w.l(abort_message.cpp.o)
    0x08004fd0   0x08004fd0   0x000000cc   Code   RO           13    .text.main          main.o
    0x0800509c   0x0800509c   0x0000003e   Code   RO         1872    CL$$btod_d2e        c_w.l(btod.o)
    0x080050da   0x080050da   0x00000046   Code   RO         1874    CL$$btod_d2e_denorm_low  c_w.l(btod.o)
    0x08005120   0x08005120   0x00000060   Code   RO         1873    CL$$btod_d2e_norm_op1  c_w.l(btod.o)
    0x08005180   0x08005180   0x00000338   Code   RO         1882    CL$$btod_div_common  c_w.l(btod.o)
    0x080054b8   0x080054b8   0x000000dc   Code   RO         1879    CL$$btod_e2e        c_w.l(btod.o)
    0x08005594   0x08005594   0x0000002a   Code   RO         1876    CL$$btod_ediv       c_w.l(btod.o)
    0x080055be   0x080055be   0x0000002a   Code   RO         1875    CL$$btod_emul       c_w.l(btod.o)
    0x080055e8   0x080055e8   0x00000244   Code   RO         1881    CL$$btod_mult_common  c_w.l(btod.o)
    0x0800582c   0x0800582c   0x00000028   Code   RO         1976    i.__ARM_fpclassify  m_ws.l(fpclassify.o)
    0x08005854   0x08005854   0x0000002c   Code   RO         1921    locale$$code        c_w.l(lc_numeric_c.o)
    0x08005880   0x08005880   0x00000004   Code   RO         1562    x$fpl$printf1       fz_ws.l(printf1.o)
    0x08005884   0x08005884   0x00000000   Code   RO         1790    x$fpl$usenofp       fz_ws.l(usenofp.o)
    0x08005884   0x08005884   0x00000094   Data   RO         1870    .constdata          c_w.l(bigflt0.o)
    0x08005918   0x08005918   0x00000010   Data   RO          981    .rodata.AHBPrescTable  system_stm32f1xx.o
    0x08005928   0x08005928   0x00000010   Data   RO          352    .rodata.HAL_RCC_GetSysClockFreq.aPLLMULFactorTable  stm32f1xx_hal_rcc.o
    0x08005938   0x08005938   0x00000002   Data   RO          353    .rodata.HAL_RCC_GetSysClockFreq.aPredivFactorTable  stm32f1xx_hal_rcc.o
    0x0800593a   0x0800593a   0x00000474   Data   RO         1034    .rodata._ZL10ascii_1206  device_lcd_st7735.o
    0x08005dae   0x08005dae   0x00000002   PAD
    0x08005db0   0x08005db0   0x0000003c   Data   RO         1033    .rodata._ZTVN6Device3LCD10LCD_ST7735E  device_lcd_st7735.o
    0x08005dec   0x08005dec   0x0000003c   Data   RO         1092    .rodata._ZTVN6Device3LCD8LCD_BaseINS0_10LCD_ST7735EEE  device_lcd_st7735.o
    0x08005e28   0x08005e28   0x0000000d   Data   RO           22    .rodata.str1.1      main.o
    0x08005e35   0x08005e35   0x00000003   PAD
    0x08005e38   0x08005e38   0x00000020   Data   RO         2170    Region$$Table       anon$$obj.o
    0x08005e58   0x08005e58   0x0000001c   Data   RO         1920    locale$$data        c_w.l(lc_numeric_c.o)
    0x08005e74   0x08005e74   0x00000004   Data   RO           23    .init_array         main.o
    0x08005e78   0x08005e74   0x00000000   Data   RO         1116    .init_array         c_w.l(init_aeabi.o)


    Execution Region RW_IRAM1 (Exec base: 0x20000000, Load base: 0x08005e78, Size: 0x00000790, Max: 0x00005000, ABSOLUTE)

    Exec Addr    Load Addr    Size         Type   Attr      Idx    E Section Name        Object

    0x20000000   0x08005e78   0x00000004   Data   RW          980    .data.SystemCoreClock  system_stm32f1xx.o
    0x20000004   0x08005e7c   0x00000001   Data   RW          313    .data.uwTickFreq    stm32f1xx_hal.o
    0x20000005   0x08005e7d   0x00000003   PAD
    0x20000008   0x08005e80   0x00000004   Data   RW          312    .data.uwTickPrio    stm32f1xx_hal.o
    0x2000000c   0x08005e84   0x00000004   PAD
    0x20000010        -       0x00000060   Zero   RW         1642    .bss                c_w.l(libspace.o)
    0x20000070        -       0x00000004   Zero   RW         1974    .bss.__cxa_new_handler  libcppabi_w.l(cxa_default_handlers.cpp.o)
    0x20000074        -       0x00000030   Zero   RW           21    .bss.g_dbg_LCD_1    main.o
    0x200000a4        -       0x00000044   Zero   RW           71    .bss.hdma_spi1_tx   spi.o
    0x200000e8        -       0x00000058   Zero   RW           70    .bss.hspi1          spi.o
    0x20000140        -       0x00000048   Zero   RW           87    .bss.htim2          tim.o
    0x20000188        -       0x00000004   Zero   RW          314    .bss.uwTick         stm32f1xx_hal.o
    0x2000018c   0x08005e84   0x00000004   PAD
    0x20000190        -       0x00000200   Zero   RW            2    HEAP                startup_stm32f103xb.o
    0x20000390        -       0x00000400   Zero   RW            1    STACK               startup_stm32f103xb.o


==============================================================================

Image component sizes


      Code (inc. data)   RO Data    RW Data    ZI Data      Debug   Object Name

       264         22          0          0          0       2294   device_lcd_base.o
      4610          4       1260          0          0      47419   device_lcd_st7735.o
        56          0          0          0          0       1975   dma.o
       124          0          0          0          0       1448   gpio.o
       574          0         17          0         48      61832   main.o
       300          0          0          0        156       5196   spi.o
        64         26        236          0       1536        776   startup_stm32f103xb.o
       254          0          0          5          4       5537   stm32f1xx_hal.o
       482          0          0          0          0       7488   stm32f1xx_hal_cortex.o
      1104          0          0          0          0       6248   stm32f1xx_hal_dma.o
       844          0          0          0          0       4192   stm32f1xx_hal_gpio.o
       100          0          0          0          0       1176   stm32f1xx_hal_msp.o
      2502          0         18          0          0       7388   stm32f1xx_hal_rcc.o
      1822          0          0          0          0      19164   stm32f1xx_hal_spi.o
      2882         14          0          0          0      35429   stm32f1xx_hal_tim.o
       220          0          0          0          0      15048   stm32f1xx_hal_tim_ex.o
        66          0          0          0          0       1184   stm32f1xx_it.o
         2          0         16          4          0       1547   system_stm32f1xx.o
       352          0          0          0         72       5238   tim.o

    ----------------------------------------------------------------------
     16736         66       1584         12       1824     230579   Object Totals
         0          0         32          0          0          0   (incl. Generated)
       114          0          5          3          8          0   (incl. Padding)

    ----------------------------------------------------------------------

      Code (inc. data)   RO Data    RW Data    ZI Data      Debug   Library Member Name

         8          0          0          0          0         68   __main.o
         0          0          0          0          0          0   __rtentry.o
        12          0          0          0          0          0   __rtentry2.o
         6          0          0          0          0          0   __rtentry4.o
        52          8          0          0          0          0   __scatter.o
        26          0          0          0          0          0   __scatter_copy.o
        28          0          0          0          0          0   __scatter_zi.o
        44          0          0          0          0        108   _printf_char.o
         6          0          0          0          0          0   _printf_f.o
      1052          0          0          0          0        148   _printf_fp_dec.o
       128         16          0          0          0         84   _printf_fp_infnan.o
         0          0          0          0          0          0   _printf_percent.o
         4          0          0          0          0          0   _printf_percent_end.o
         6          0          0          0          0          0   _printf_s.o
        82          0          0          0          0         80   _printf_str.o
        22          0          0          0          0         80   abort.o
       228          4        148          0          0         96   bigflt0.o
      1936        128          0          0          0        668   btod.o
        48         34          0          0          0         76   defsig_abrt_inner.o
        14          0          0          0          0         80   defsig_abrt_outer.o
        10          0          0          0          0         68   defsig_exit.o
        50          0          0          0          0         88   defsig_general.o
        80         58          0          0          0         76   defsig_rtmem_inner.o
        14          0          0          0          0         80   defsig_rtmem_outer.o
        18          0          0          0          0         80   exit.o
        94          0          0          0          0         80   h1_alloc.o
        52          0          0          0          0         68   h1_extend.o
        78          0          0          0          0         80   h1_free.o
        14          0          0          0          0         84   h1_init.o
         6          0          0          0          0        152   heapauxi.o
         4          0          0          0          0        136   hguard.o
         0          0          0          0          0          0   indicate_semi.o
        36          8          0          0          0         80   init_aeabi.o
       138          0          0          0          0        168   init_alloc.o
        44         10         28          0          0         76   lc_numeric_c.o
         2          0          0          0          0          0   libinit.o
        30          0          0          0          0          0   libinit2.o
         2          0          0          0          0          0   libshutdown.o
         2          0          0          0          0          0   libshutdown2.o
         8          4          0          0         96         68   libspace.o
       138          0          0          0          0         80   lludiv10.o
         0          0          0          0          0          0   maybetermalloc1.o
         8          4          0          0          0         68   rt_heap_descriptor_intlibspace.o
         8          4          0          0          0         68   rt_locale_intlibspace.o
        78          0          0          0          0         80   rt_memclr_w.o
       138          0          0          0          0         68   rt_memcpy_v6.o
       100          0          0          0          0         80   rt_memcpy_w.o
       132          0          0          0          0         68   rt_memmove_v6.o
       122          0          0          0          0         80   rt_memmove_w.o
         2          0          0          0          0          0   rtexit.o
        10          0          0          0          0          0   rtexit2.o
       128          0          0          0          0         68   strcmpv7m.o
        62          0          0          0          0         76   strlen.o
        12          4          0          0          0         68   sys_exit.o
        74          0          0          0          0         80   sys_stackheap_outer.o
        14          0          0          0          0         76   sys_wrch.o
         2          0          0          0          0         68   use_no_semi.o
         4          0          0          0          0         68   printf1.o
         0          0          0          0          0          0   usenofp.o
        46          0          0          0          0        380   new.cpp.o
       114          0          0          0          0       4520   string.cpp.o
         4          0          0          0          0         36   abort_message.cpp.o
         0          0          0          0          4          0   cxa_default_handlers.cpp.o
        12          0          0          0          0        132   cxa_handlers.cpp.o
        40         32          0          0          0         52   cxa_virtual.cpp.o
        40          0          0          0          0         68   fpclassify.o

    ----------------------------------------------------------------------
      5688        314        176          0        100       9156   Library Totals
        16          0          0          0          0          0   (incl. Padding)

    ----------------------------------------------------------------------

      Code (inc. data)   RO Data    RW Data    ZI Data      Debug   Library Name

      5412        282        176          0         96       3900   c_w.l
         4          0          0          0          0         68   fz_ws.l
       160          0          0          0          0       4900   libcpp_w.l
        56         32          0          0          4        220   libcppabi_w.l
        40          0          0          0          0         68   m_ws.l

    ----------------------------------------------------------------------
      5688        314        176          0        100       9156   Library Totals

    ----------------------------------------------------------------------

==============================================================================


      Code (inc. data)   RO Data    RW Data    ZI Data      Debug   

     22424        380       1760         12       1924     237003   Grand Totals
     22424        380       1760         12       1924     237003   ELF Image Totals
     22424        380       1760         12          0          0   ROM Totals

==============================================================================

    Total RO  Size (Code + RO Data)                24184 (  23.62kB)
    Total RW  Size (RW Data + ZI Data)              1936 (   1.89kB)
    Total ROM Size (Code + RO Data + RW Data)      24196 (  23.63kB)

==============================================================================

